// Validating benchmarks:
// ***** BenchmarkRunner: Start   *****
// ***** Found 6 benchmark(s) in total *****
// ***** Building 1 exe(s) in Parallel: Start   *****
// start dotnet  restore /p:UseSharedCompilation=false /p:BuildInParallel=false /m:1 /p:Deterministic=true /p:Optimize=true in D:\Work\ASN.1\runtime-csharp\benchmarks\Asn1Kit.Pkix.Benchmarks\bin\Release\net6.0\acd7fde1-8a76-4a7b-bac6-67baa7f0fa5f
// command took 0.92 sec and exited with 0
// start dotnet  build -c Release --no-restore /p:UseSharedCompilation=false /p:BuildInParallel=false /m:1 /p:Deterministic=true /p:Optimize=true in D:\Work\ASN.1\runtime-csharp\benchmarks\Asn1Kit.Pkix.Benchmarks\bin\Release\net6.0\acd7fde1-8a76-4a7b-bac6-67baa7f0fa5f
// command took 2.3 sec and exited with 0
// ***** Done, took 00:00:03 (3.35 sec)   *****
// Found 2 benchmarks:
//   CertificateBenchmarks.Asn1Kit_Decode: DefaultJob
//   CertificateBenchmarks.Asn1Kit_Encode: DefaultJob

Setup power plan (GUID: 8c5e7fda-e8bf-4a96-9a85-a6e23a8c635c FriendlyName: High performance)
// **************************
// Benchmark: CertificateBenchmarks.Asn1Kit_Decode: DefaultJob
// *** Execute ***
// Launch: 1 / 1
// Execute: dotnet acd7fde1-8a76-4a7b-bac6-67baa7f0fa5f.dll --anonymousPipes 1464 1772 --benchmarkName Asn1Kit.Benchmarks.CertificateBenchmarks.Asn1Kit_Decode --job Default --benchmarkId 0 in D:\Work\ASN.1\runtime-csharp\benchmarks\Asn1Kit.Pkix.Benchmarks\bin\Release\net6.0\acd7fde1-8a76-4a7b-bac6-67baa7f0fa5f\bin\Release\net6.0
// BeforeAnythingElse

// Benchmark Process Environment Information:
// BenchmarkDotNet v0.13.12
// Runtime=.NET 6.0.10 (6.0.1022.47605), X64 RyuJIT AVX2
// GC=Concurrent Workstation
// HardwareIntrinsics=AVX2,AES,BMI1,BMI2,FMA,LZCNT,PCLMUL,POPCNT,AvxVnni VectorSize=256
// Job: DefaultJob

OverheadJitting  1: 1 op, 233200.00 ns, 233.2000 us/op
WorkloadJitting  1: 1 op, 8847100.00 ns, 8.8471 ms/op

OverheadJitting  2: 16 op, 371800.00 ns, 23.2375 us/op
WorkloadJitting  2: 16 op, 495000.00 ns, 30.9375 us/op

WorkloadPilot    1: 16 op, 133700.00 ns, 8.3562 us/op
WorkloadPilot    2: 32 op, 239000.00 ns, 7.4688 us/op
WorkloadPilot    3: 64 op, 482400.00 ns, 7.5375 us/op
WorkloadPilot    4: 128 op, 938700.00 ns, 7.3336 us/op
WorkloadPilot    5: 256 op, 2040300.00 ns, 7.9699 us/op
WorkloadPilot    6: 512 op, 4303500.00 ns, 8.4053 us/op
WorkloadPilot    7: 1024 op, 8284800.00 ns, 8.0906 us/op
WorkloadPilot    8: 2048 op, 17161100.00 ns, 8.3794 us/op
WorkloadPilot    9: 4096 op, 34537400.00 ns, 8.4320 us/op
WorkloadPilot   10: 8192 op, 69234200.00 ns, 8.4514 us/op
WorkloadPilot   11: 16384 op, 71407300.00 ns, 4.3584 us/op
WorkloadPilot   12: 32768 op, 136129600.00 ns, 4.1543 us/op
WorkloadPilot   13: 65536 op, 282443500.00 ns, 4.3097 us/op
WorkloadPilot   14: 131072 op, 552684800.00 ns, 4.2167 us/op

OverheadWarmup   1: 131072 op, 386200.00 ns, 2.9465 ns/op
OverheadWarmup   2: 131072 op, 392800.00 ns, 2.9968 ns/op
OverheadWarmup   3: 131072 op, 840500.00 ns, 6.4125 ns/op
OverheadWarmup   4: 131072 op, 359300.00 ns, 2.7412 ns/op
OverheadWarmup   5: 131072 op, 364400.00 ns, 2.7802 ns/op
OverheadWarmup   6: 131072 op, 357400.00 ns, 2.7267 ns/op

OverheadActual   1: 131072 op, 355700.00 ns, 2.7138 ns/op
OverheadActual   2: 131072 op, 356800.00 ns, 2.7222 ns/op
OverheadActual   3: 131072 op, 353300.00 ns, 2.6955 ns/op
OverheadActual   4: 131072 op, 366100.00 ns, 2.7931 ns/op
OverheadActual   5: 131072 op, 390600.00 ns, 2.9800 ns/op
OverheadActual   6: 131072 op, 434000.00 ns, 3.3112 ns/op
OverheadActual   7: 131072 op, 391400.00 ns, 2.9861 ns/op
OverheadActual   8: 131072 op, 373600.00 ns, 2.8503 ns/op
OverheadActual   9: 131072 op, 381100.00 ns, 2.9076 ns/op
OverheadActual  10: 131072 op, 388200.00 ns, 2.9617 ns/op
OverheadActual  11: 131072 op, 375400.00 ns, 2.8641 ns/op
OverheadActual  12: 131072 op, 354100.00 ns, 2.7016 ns/op
OverheadActual  13: 131072 op, 360900.00 ns, 2.7534 ns/op
OverheadActual  14: 131072 op, 367400.00 ns, 2.8030 ns/op
OverheadActual  15: 131072 op, 369300.00 ns, 2.8175 ns/op

WorkloadWarmup   1: 131072 op, 501344500.00 ns, 3.8250 us/op
WorkloadWarmup   2: 131072 op, 522123500.00 ns, 3.9835 us/op
WorkloadWarmup   3: 131072 op, 502672800.00 ns, 3.8351 us/op
WorkloadWarmup   4: 131072 op, 500493500.00 ns, 3.8185 us/op
WorkloadWarmup   5: 131072 op, 489398700.00 ns, 3.7338 us/op
WorkloadWarmup   6: 131072 op, 513132700.00 ns, 3.9149 us/op
WorkloadWarmup   7: 131072 op, 623743500.00 ns, 4.7588 us/op
WorkloadWarmup   8: 131072 op, 635396200.00 ns, 4.8477 us/op
WorkloadWarmup   9: 131072 op, 638715800.00 ns, 4.8730 us/op
WorkloadWarmup  10: 131072 op, 643683900.00 ns, 4.9109 us/op
WorkloadWarmup  11: 131072 op, 646720400.00 ns, 4.9341 us/op
WorkloadWarmup  12: 131072 op, 649714600.00 ns, 4.9569 us/op
WorkloadWarmup  13: 131072 op, 630670400.00 ns, 4.8116 us/op

// BeforeActualRun
WorkloadActual   1: 131072 op, 639233000.00 ns, 4.8770 us/op
WorkloadActual   2: 131072 op, 639348200.00 ns, 4.8778 us/op
WorkloadActual   3: 131072 op, 636230100.00 ns, 4.8541 us/op
WorkloadActual   4: 131072 op, 641583200.00 ns, 4.8949 us/op
WorkloadActual   5: 131072 op, 638499200.00 ns, 4.8714 us/op
WorkloadActual   6: 131072 op, 635433800.00 ns, 4.8480 us/op
WorkloadActual   7: 131072 op, 632161900.00 ns, 4.8230 us/op
WorkloadActual   8: 131072 op, 643006800.00 ns, 4.9058 us/op
WorkloadActual   9: 131072 op, 624557500.00 ns, 4.7650 us/op
WorkloadActual  10: 131072 op, 665174300.00 ns, 5.0749 us/op
WorkloadActual  11: 131072 op, 632723000.00 ns, 4.8273 us/op
WorkloadActual  12: 131072 op, 624937400.00 ns, 4.7679 us/op
WorkloadActual  13: 131072 op, 637230400.00 ns, 4.8617 us/op
WorkloadActual  14: 131072 op, 638778500.00 ns, 4.8735 us/op
WorkloadActual  15: 131072 op, 624136400.00 ns, 4.7618 us/op

// AfterActualRun
WorkloadResult   1: 131072 op, 638863700.00 ns, 4.8741 us/op
WorkloadResult   2: 131072 op, 638978900.00 ns, 4.8750 us/op
WorkloadResult   3: 131072 op, 635860800.00 ns, 4.8512 us/op
WorkloadResult   4: 131072 op, 641213900.00 ns, 4.8921 us/op
WorkloadResult   5: 131072 op, 638129900.00 ns, 4.8685 us/op
WorkloadResult   6: 131072 op, 635064500.00 ns, 4.8452 us/op
WorkloadResult   7: 131072 op, 631792600.00 ns, 4.8202 us/op
WorkloadResult   8: 131072 op, 642637500.00 ns, 4.9029 us/op
WorkloadResult   9: 131072 op, 624188200.00 ns, 4.7622 us/op
WorkloadResult  10: 131072 op, 632353700.00 ns, 4.8245 us/op
WorkloadResult  11: 131072 op, 624568100.00 ns, 4.7651 us/op
WorkloadResult  12: 131072 op, 636861100.00 ns, 4.8589 us/op
WorkloadResult  13: 131072 op, 638409200.00 ns, 4.8707 us/op
WorkloadResult  14: 131072 op, 623767100.00 ns, 4.7590 us/op
// GC:  22 0 0 210765248 131072
// Threading:  0 0 131072

// AfterAll
// Benchmark Process 14796 has exited with code 0.

Mean = 4.841 μs, StdErr = 0.013 μs (0.27%), N = 14, StdDev = 0.048 μs
Min = 4.759 μs, Q1 = 4.821 μs, Median = 4.855 μs, Q3 = 4.873 μs, Max = 4.903 μs
IQR = 0.052 μs, LowerFence = 4.743 μs, UpperFence = 4.951 μs
ConfidenceInterval = [4.786 μs; 4.895 μs] (CI 99.9%), Margin = 0.054 μs (1.12% of Mean)
Skewness = -0.61, Kurtosis = 1.88, MValue = 2

// ** Remained 5 (83,3 %) benchmark(s) to run. Estimated finish 2026-10-10 0:19 (0h 1m from now) **
Setup power plan (GUID: 8c5e7fda-e8bf-4a96-9a85-a6e23a8c635c FriendlyName: High performance)
// **************************
// Benchmark: CertificateBenchmarks.Asn1Kit_Encode: DefaultJob
// *** Execute ***
// Launch: 1 / 1
// Execute: dotnet acd7fde1-8a76-4a7b-bac6-67baa7f0fa5f.dll --anonymousPipes 2096 2100 --benchmarkName Asn1Kit.Benchmarks.CertificateBenchmarks.Asn1Kit_Encode --job Default --benchmarkId 1 in D:\Work\ASN.1\runtime-csharp\benchmarks\Asn1Kit.Pkix.Benchmarks\bin\Release\net6.0\acd7fde1-8a76-4a7b-bac6-67baa7f0fa5f\bin\Release\net6.0
// BeforeAnythingElse

// Benchmark Process Environment Information:
// BenchmarkDotNet v0.13.12
// Runtime=.NET 6.0.10 (6.0.1022.47605), X64 RyuJIT AVX2
// GC=Concurrent Workstation
// HardwareIntrinsics=AVX2,AES,BMI1,BMI2,FMA,LZCNT,PCLMUL,POPCNT,AvxVnni VectorSize=256
// Job: DefaultJob

OverheadJitting  1: 1 op, 578300.00 ns, 578.3000 us/op
WorkloadJitting  1: 1 op, 5735800.00 ns, 5.7358 ms/op

OverheadJitting  2: 16 op, 388800.00 ns, 24.3000 us/op
WorkloadJitting  2: 16 op, 427300.00 ns, 26.7063 us/op

WorkloadPilot    1: 16 op, 77200.00 ns, 4.8250 us/op
WorkloadPilot    2: 32 op, 140900.00 ns, 4.4031 us/op
WorkloadPilot    3: 64 op, 281400.00 ns, 4.3969 us/op
WorkloadPilot    4: 128 op, 537100.00 ns, 4.1961 us/op
WorkloadPilot    5: 256 op, 1121300.00 ns, 4.3801 us/op
WorkloadPilot    6: 512 op, 2258800.00 ns, 4.4117 us/op
WorkloadPilot    7: 1024 op, 4791000.00 ns, 4.6787 us/op
WorkloadPilot    8: 2048 op, 9512500.00 ns, 4.6448 us/op
WorkloadPilot    9: 4096 op, 20691300.00 ns, 5.0516 us/op
WorkloadPilot   10: 8192 op, 43763000.00 ns, 5.3422 us/op
WorkloadPilot   11: 16384 op, 89616200.00 ns, 5.4697 us/op
WorkloadPilot   12: 32768 op, 85966100.00 ns, 2.6235 us/op
WorkloadPilot   13: 65536 op, 124304100.00 ns, 1.8967 us/op
WorkloadPilot   14: 131072 op, 241560800.00 ns, 1.8430 us/op
WorkloadPilot   15: 262144 op, 486446800.00 ns, 1.8556 us/op
WorkloadPilot   16: 524288 op, 977677500.00 ns, 1.8648 us/op

OverheadWarmup   1: 524288 op, 1890900.00 ns, 3.6066 ns/op
OverheadWarmup   2: 524288 op, 1738900.00 ns, 3.3167 ns/op
OverheadWarmup   3: 524288 op, 1678800.00 ns, 3.2021 ns/op
OverheadWarmup   4: 524288 op, 1619700.00 ns, 3.0893 ns/op
OverheadWarmup   5: 524288 op, 1697700.00 ns, 3.2381 ns/op
OverheadWarmup   6: 524288 op, 1606000.00 ns, 3.0632 ns/op
OverheadWarmup   7: 524288 op, 1556000.00 ns, 2.9678 ns/op
OverheadWarmup   8: 524288 op, 1516400.00 ns, 2.8923 ns/op
OverheadWarmup   9: 524288 op, 1540400.00 ns, 2.9381 ns/op
OverheadWarmup  10: 524288 op, 1494400.00 ns, 2.8503 ns/op

OverheadActual   1: 524288 op, 1649000.00 ns, 3.1452 ns/op
OverheadActual   2: 524288 op, 1587500.00 ns, 3.0279 ns/op
OverheadActual   3: 524288 op, 1583500.00 ns, 3.0203 ns/op
OverheadActual   4: 524288 op, 1542200.00 ns, 2.9415 ns/op
OverheadActual   5: 524288 op, 1454700.00 ns, 2.7746 ns/op
OverheadActual   6: 524288 op, 1674100.00 ns, 3.1931 ns/op
OverheadActual   7: 524288 op, 1627300.00 ns, 3.1038 ns/op
OverheadActual   8: 524288 op, 1602300.00 ns, 3.0561 ns/op
OverheadActual   9: 524288 op, 1608600.00 ns, 3.0682 ns/op
OverheadActual  10: 524288 op, 1744900.00 ns, 3.3281 ns/op
OverheadActual  11: 524288 op, 1696200.00 ns, 3.2352 ns/op
OverheadActual  12: 524288 op, 1718200.00 ns, 3.2772 ns/op
OverheadActual  13: 524288 op, 1798700.00 ns, 3.4307 ns/op
OverheadActual  14: 524288 op, 1713200.00 ns, 3.2677 ns/op
OverheadActual  15: 524288 op, 1670600.00 ns, 3.1864 ns/op
OverheadActual  16: 524288 op, 1617700.00 ns, 3.0855 ns/op
OverheadActual  17: 524288 op, 1663900.00 ns, 3.1736 ns/op

WorkloadWarmup   1: 524288 op, 1096544000.00 ns, 2.0915 us/op
WorkloadWarmup   2: 524288 op, 1340755600.00 ns, 2.5573 us/op
WorkloadWarmup   3: 524288 op, 1345110600.00 ns, 2.5656 us/op
WorkloadWarmup   4: 524288 op, 1354221300.00 ns, 2.5830 us/op
WorkloadWarmup   5: 524288 op, 1352838000.00 ns, 2.5803 us/op
WorkloadWarmup   6: 524288 op, 1351883500.00 ns, 2.5785 us/op
WorkloadWarmup   7: 524288 op, 1349611400.00 ns, 2.5742 us/op
WorkloadWarmup   8: 524288 op, 1369733800.00 ns, 2.6126 us/op
WorkloadWarmup   9: 524288 op, 1354743700.00 ns, 2.5840 us/op

// BeforeActualRun
WorkloadActual   1: 524288 op, 1371578200.00 ns, 2.6161 us/op
WorkloadActual   2: 524288 op, 1393897400.00 ns, 2.6586 us/op
WorkloadActual   3: 524288 op, 1379752100.00 ns, 2.6317 us/op
WorkloadActual   4: 524288 op, 1356440500.00 ns, 2.5872 us/op
WorkloadActual   5: 524288 op, 1359009200.00 ns, 2.5921 us/op
WorkloadActual   6: 524288 op, 1356475200.00 ns, 2.5873 us/op
WorkloadActual   7: 524288 op, 1354930900.00 ns, 2.5843 us/op
WorkloadActual   8: 524288 op, 1339003700.00 ns, 2.5539 us/op
WorkloadActual   9: 524288 op, 1411635000.00 ns, 2.6925 us/op
WorkloadActual  10: 524288 op, 1378144400.00 ns, 2.6286 us/op
WorkloadActual  11: 524288 op, 1429219200.00 ns, 2.7260 us/op
WorkloadActual  12: 524288 op, 1357627300.00 ns, 2.5895 us/op
WorkloadActual  13: 524288 op, 1355722100.00 ns, 2.5858 us/op
WorkloadActual  14: 524288 op, 1441044800.00 ns, 2.7486 us/op
WorkloadActual  15: 524288 op, 1382019100.00 ns, 2.6360 us/op
WorkloadActual  16: 524288 op, 1409945400.00 ns, 2.6893 us/op
WorkloadActual  17: 524288 op, 1372523500.00 ns, 2.6179 us/op
WorkloadActual  18: 524288 op, 1382604700.00 ns, 2.6371 us/op

// AfterActualRun
WorkloadResult   1: 524288 op, 1369929200.00 ns, 2.6129 us/op
WorkloadResult   2: 524288 op, 1392248400.00 ns, 2.6555 us/op
WorkloadResult   3: 524288 op, 1378103100.00 ns, 2.6285 us/op
WorkloadResult   4: 524288 op, 1354791500.00 ns, 2.5841 us/op
WorkloadResult   5: 524288 op, 1357360200.00 ns, 2.5890 us/op
WorkloadResult   6: 524288 op, 1354826200.00 ns, 2.5841 us/op
WorkloadResult   7: 524288 op, 1353281900.00 ns, 2.5812 us/op
WorkloadResult   8: 524288 op, 1337354700.00 ns, 2.5508 us/op
WorkloadResult   9: 524288 op, 1409986000.00 ns, 2.6893 us/op
WorkloadResult  10: 524288 op, 1376495400.00 ns, 2.6255 us/op
WorkloadResult  11: 524288 op, 1427570200.00 ns, 2.7229 us/op
WorkloadResult  12: 524288 op, 1355978300.00 ns, 2.5863 us/op
WorkloadResult  13: 524288 op, 1354073100.00 ns, 2.5827 us/op
WorkloadResult  14: 524288 op, 1439395800.00 ns, 2.7454 us/op
WorkloadResult  15: 524288 op, 1380370100.00 ns, 2.6328 us/op
WorkloadResult  16: 524288 op, 1408296400.00 ns, 2.6861 us/op
WorkloadResult  17: 524288 op, 1370874500.00 ns, 2.6147 us/op
WorkloadResult  18: 524288 op, 1380955700.00 ns, 2.6340 us/op
// GC:  96 0 0 910164464 524288
// Threading:  0 0 524288

// AfterAll
// Benchmark Process 40696 has exited with code 0.

Mean = 2.628 μs, StdErr = 0.013 μs (0.48%), N = 18, StdDev = 0.053 μs
Min = 2.551 μs, Q1 = 2.585 μs, Median = 2.620 μs, Q3 = 2.650 μs, Max = 2.745 μs
IQR = 0.065 μs, LowerFence = 2.487 μs, UpperFence = 2.748 μs
ConfidenceInterval = [2.578 μs; 2.678 μs] (CI 99.9%), Margin = 0.050 μs (1.90% of Mean)
Skewness = 0.71, Kurtosis = 2.42, MValue = 2

// ** Remained 4 (66,7 %) benchmark(s) to run. Estimated finish 2026-10-10 0:20 (0h 2m from now) **
Successfully reverted power plan (GUID: 381b4222-f694-41f0-9685-ff5bb260df2e FriendlyName: Balanced)
// ***** BenchmarkRunner: Finish  *****

// * Export *
  BenchmarkDotNet.Artifacts\results\Asn1Kit.Benchmarks.CertificateBenchmarks-report.csv
  BenchmarkDotNet.Artifacts\results\Asn1Kit.Benchmarks.CertificateBenchmarks-report-github.md
  BenchmarkDotNet.Artifacts\results\Asn1Kit.Benchmarks.CertificateBenchmarks-report.html

// * Detailed results *
CertificateBenchmarks.Asn1Kit_Decode: DefaultJob
Runtime = .NET 6.0.10 (6.0.1022.47605), X64 RyuJIT AVX2; GC = Concurrent Workstation
Mean = 4.841 μs, StdErr = 0.013 μs (0.27%), N = 14, StdDev = 0.048 μs
Min = 4.759 μs, Q1 = 4.821 μs, Median = 4.855 μs, Q3 = 4.873 μs, Max = 4.903 μs
IQR = 0.052 μs, LowerFence = 4.743 μs, UpperFence = 4.951 μs
ConfidenceInterval = [4.786 μs; 4.895 μs] (CI 99.9%), Margin = 0.054 μs (1.12% of Mean)
Skewness = -0.61, Kurtosis = 1.88, MValue = 2
-------------------- Histogram --------------------
[4.733 μs ; 4.917 μs) | @@@@@@@@@@@@@@
---------------------------------------------------

CertificateBenchmarks.Asn1Kit_Encode: DefaultJob
Runtime = .NET 6.0.10 (6.0.1022.47605), X64 RyuJIT AVX2; GC = Concurrent Workstation
Mean = 2.628 μs, StdErr = 0.013 μs (0.48%), N = 18, StdDev = 0.053 μs
Min = 2.551 μs, Q1 = 2.585 μs, Median = 2.620 μs, Q3 = 2.650 μs, Max = 2.745 μs
IQR = 0.065 μs, LowerFence = 2.487 μs, UpperFence = 2.748 μs
ConfidenceInterval = [2.578 μs; 2.678 μs] (CI 99.9%), Margin = 0.050 μs (1.90% of Mean)
Skewness = 0.71, Kurtosis = 2.42, MValue = 2
-------------------- Histogram --------------------
[2.524 μs ; 2.581 μs) | @
[2.581 μs ; 2.634 μs) | @@@@@@@@@@@@
[2.634 μs ; 2.699 μs) | @@@
[2.699 μs ; 2.761 μs) | @@
---------------------------------------------------

// * Summary *

BenchmarkDotNet v0.13.12, Windows 11 (10.0.26200.9445)
Unknown processor
.NET SDK 6.0.402
  [Host]     : .NET 6.0.10 (6.0.1022.47605), X64 RyuJIT AVX2
  DefaultJob : .NET 6.0.10 (6.0.1022.47605), X64 RyuJIT AVX2


| Method         | Categories         | Mean     | Error     | StdDev    | Ratio | Gen0   | Allocated | Alloc Ratio |
|--------------- |------------------- |---------:|----------:|----------:|------:|-------:|----------:|------------:|
| Asn1Kit_Decode | Decode,Certificate | 4.841 μs | 0.0544 μs | 0.0482 μs |  1.00 | 0.1678 |   1.57 KB |        1.00 |
|                |                    |          |           |           |       |        |           |             |
| Asn1Kit_Encode | Encode,Certificate | 2.628 μs | 0.0499 μs | 0.0534 μs |  1.00 | 0.1831 |    1.7 KB |        1.00 |

// * Hints *
Outliers
  CertificateBenchmarks.Asn1Kit_Decode: Default -> 1 outlier  was  removed (5.07 μs)

// * Legends *
  Categories  : All categories of the corresponded method, class, and assembly
  Mean        : Arithmetic mean of all measurements
  Error       : Half of 99.9% confidence interval
  StdDev      : Standard deviation of all measurements
  Ratio       : Mean of the ratio distribution ([Current]/[Baseline])
  Gen0        : GC Generation 0 collects per 1000 operations
  Allocated   : Allocated memory per single operation (managed only, inclusive, 1KB = 1024B)
  Alloc Ratio : Allocated memory ratio distribution ([Current]/[Baseline])
  1 μs        : 1 Microsecond (0.000001 sec)

// * Diagnostic Output - MemoryDiagnoser *


// ***** BenchmarkRunner: End *****
Run time: 00:01:01 (61.3 sec), executed benchmarks: 2

// Found 2 benchmarks:
//   CertificateListBenchmarks.Asn1Kit_Decode: DefaultJob
//   CertificateListBenchmarks.Asn1Kit_Encode: DefaultJob

Setup power plan (GUID: 8c5e7fda-e8bf-4a96-9a85-a6e23a8c635c FriendlyName: High performance)
// **************************
// Benchmark: CertificateListBenchmarks.Asn1Kit_Decode: DefaultJob
// *** Execute ***
// Launch: 1 / 1
// Execute: dotnet acd7fde1-8a76-4a7b-bac6-67baa7f0fa5f.dll --anonymousPipes 2408 2404 --benchmarkName Asn1Kit.Benchmarks.CertificateListBenchmarks.Asn1Kit_Decode --job Default --benchmarkId 2 in D:\Work\ASN.1\runtime-csharp\benchmarks\Asn1Kit.Pkix.Benchmarks\bin\Release\net6.0\acd7fde1-8a76-4a7b-bac6-67baa7f0fa5f\bin\Release\net6.0
// BeforeAnythingElse

// Benchmark Process Environment Information:
// BenchmarkDotNet v0.13.12
// Runtime=.NET 6.0.10 (6.0.1022.47605), X64 RyuJIT AVX2
// GC=Concurrent Workstation
// HardwareIntrinsics=AVX2,AES,BMI1,BMI2,FMA,LZCNT,PCLMUL,POPCNT,AvxVnni VectorSize=256
// Job: DefaultJob

OverheadJitting  1: 1 op, 298000.00 ns, 298.0000 us/op
WorkloadJitting  1: 1 op, 9665600.00 ns, 9.6656 ms/op

OverheadJitting  2: 16 op, 487000.00 ns, 30.4375 us/op
WorkloadJitting  2: 16 op, 628700.00 ns, 39.2938 us/op

WorkloadPilot    1: 16 op, 149500.00 ns, 9.3438 us/op
WorkloadPilot    2: 32 op, 236300.00 ns, 7.3844 us/op
WorkloadPilot    3: 64 op, 435700.00 ns, 6.8078 us/op
WorkloadPilot    4: 128 op, 848800.00 ns, 6.6312 us/op
WorkloadPilot    5: 256 op, 1752100.00 ns, 6.8441 us/op
WorkloadPilot    6: 512 op, 3460900.00 ns, 6.7596 us/op
WorkloadPilot    7: 1024 op, 7330000.00 ns, 7.1582 us/op
WorkloadPilot    8: 2048 op, 16070100.00 ns, 7.8467 us/op
WorkloadPilot    9: 4096 op, 35804200.00 ns, 8.7413 us/op
WorkloadPilot   10: 8192 op, 65588000.00 ns, 8.0063 us/op
WorkloadPilot   11: 16384 op, 81801700.00 ns, 4.9928 us/op
WorkloadPilot   12: 32768 op, 111559600.00 ns, 3.4045 us/op
WorkloadPilot   13: 65536 op, 210704200.00 ns, 3.2151 us/op
WorkloadPilot   14: 131072 op, 537623800.00 ns, 4.1017 us/op

OverheadWarmup   1: 131072 op, 509700.00 ns, 3.8887 ns/op
OverheadWarmup   2: 131072 op, 494700.00 ns, 3.7743 ns/op
OverheadWarmup   3: 131072 op, 504300.00 ns, 3.8475 ns/op
OverheadWarmup   4: 131072 op, 498900.00 ns, 3.8063 ns/op
OverheadWarmup   5: 131072 op, 480300.00 ns, 3.6644 ns/op
OverheadWarmup   6: 131072 op, 486700.00 ns, 3.7132 ns/op
OverheadWarmup   7: 131072 op, 490900.00 ns, 3.7453 ns/op
OverheadWarmup   8: 131072 op, 479600.00 ns, 3.6591 ns/op

OverheadActual   1: 131072 op, 704900.00 ns, 5.3780 ns/op
OverheadActual   2: 131072 op, 456600.00 ns, 3.4836 ns/op
OverheadActual   3: 131072 op, 460600.00 ns, 3.5141 ns/op
OverheadActual   4: 131072 op, 470100.00 ns, 3.5866 ns/op
OverheadActual   5: 131072 op, 455400.00 ns, 3.4744 ns/op
OverheadActual   6: 131072 op, 478000.00 ns, 3.6469 ns/op
OverheadActual   7: 131072 op, 472600.00 ns, 3.6057 ns/op
OverheadActual   8: 131072 op, 454600.00 ns, 3.4683 ns/op
OverheadActual   9: 131072 op, 463300.00 ns, 3.5347 ns/op
OverheadActual  10: 131072 op, 472500.00 ns, 3.6049 ns/op
OverheadActual  11: 131072 op, 490500.00 ns, 3.7422 ns/op
OverheadActual  12: 131072 op, 483200.00 ns, 3.6865 ns/op
OverheadActual  13: 131072 op, 501300.00 ns, 3.8246 ns/op
OverheadActual  14: 131072 op, 492300.00 ns, 3.7560 ns/op
OverheadActual  15: 131072 op, 489900.00 ns, 3.7376 ns/op

WorkloadWarmup   1: 131072 op, 459313600.00 ns, 3.5043 us/op
WorkloadWarmup   2: 131072 op, 434734100.00 ns, 3.3168 us/op
WorkloadWarmup   3: 131072 op, 438060700.00 ns, 3.3421 us/op
WorkloadWarmup   4: 131072 op, 473642000.00 ns, 3.6136 us/op
WorkloadWarmup   5: 131072 op, 502570000.00 ns, 3.8343 us/op
WorkloadWarmup   6: 131072 op, 498760500.00 ns, 3.8052 us/op
WorkloadWarmup   7: 131072 op, 501098900.00 ns, 3.8231 us/op
WorkloadWarmup   8: 131072 op, 496486400.00 ns, 3.7879 us/op

// BeforeActualRun
WorkloadActual   1: 131072 op, 493301200.00 ns, 3.7636 us/op
WorkloadActual   2: 131072 op, 492747000.00 ns, 3.7594 us/op
WorkloadActual   3: 131072 op, 509087400.00 ns, 3.8840 us/op
WorkloadActual   4: 131072 op, 498569600.00 ns, 3.8038 us/op
WorkloadActual   5: 131072 op, 499518700.00 ns, 3.8110 us/op
WorkloadActual   6: 131072 op, 501516600.00 ns, 3.8263 us/op
WorkloadActual   7: 131072 op, 494327200.00 ns, 3.7714 us/op
WorkloadActual   8: 131072 op, 499005500.00 ns, 3.8071 us/op
WorkloadActual   9: 131072 op, 560075200.00 ns, 4.2730 us/op
WorkloadActual  10: 131072 op, 501216100.00 ns, 3.8240 us/op
WorkloadActual  11: 131072 op, 500875100.00 ns, 3.8214 us/op
WorkloadActual  12: 131072 op, 499870600.00 ns, 3.8137 us/op
WorkloadActual  13: 131072 op, 496242100.00 ns, 3.7860 us/op
WorkloadActual  14: 131072 op, 500153300.00 ns, 3.8159 us/op
WorkloadActual  15: 131072 op, 502125600.00 ns, 3.8309 us/op

// AfterActualRun
WorkloadResult   1: 131072 op, 492828600.00 ns, 3.7600 us/op
WorkloadResult   2: 131072 op, 492274400.00 ns, 3.7558 us/op
WorkloadResult   3: 131072 op, 498097000.00 ns, 3.8002 us/op
WorkloadResult   4: 131072 op, 499046100.00 ns, 3.8074 us/op
WorkloadResult   5: 131072 op, 501044000.00 ns, 3.8227 us/op
WorkloadResult   6: 131072 op, 493854600.00 ns, 3.7678 us/op
WorkloadResult   7: 131072 op, 498532900.00 ns, 3.8035 us/op
WorkloadResult   8: 131072 op, 500743500.00 ns, 3.8204 us/op
WorkloadResult   9: 131072 op, 500402500.00 ns, 3.8178 us/op
WorkloadResult  10: 131072 op, 499398000.00 ns, 3.8101 us/op
WorkloadResult  11: 131072 op, 495769500.00 ns, 3.7824 us/op
WorkloadResult  12: 131072 op, 499680700.00 ns, 3.8123 us/op
WorkloadResult  13: 131072 op, 501653000.00 ns, 3.8273 us/op
// GC:  17 0 0 168822744 131072
// Threading:  0 0 131072

// AfterAll
// Benchmark Process 47052 has exited with code 0.

Mean = 3.799 μs, StdErr = 0.007 μs (0.18%), N = 13, StdDev = 0.024 μs
Min = 3.756 μs, Q1 = 3.782 μs, Median = 3.807 μs, Q3 = 3.818 μs, Max = 3.827 μs
IQR = 0.035 μs, LowerFence = 3.729 μs, UpperFence = 3.871 μs
ConfidenceInterval = [3.770 μs; 3.828 μs] (CI 99.9%), Margin = 0.029 μs (0.77% of Mean)
Skewness = -0.62, Kurtosis = 1.75, MValue = 2

// ** Remained 3 (50,0 %) benchmark(s) to run. Estimated finish 2026-10-10 0:19 (0h 1m from now) **
Setup power plan (GUID: 8c5e7fda-e8bf-4a96-9a85-a6e23a8c635c FriendlyName: High performance)
// **************************
// Benchmark: CertificateListBenchmarks.Asn1Kit_Encode: DefaultJob
// *** Execute ***
// Launch: 1 / 1
// Execute: dotnet acd7fde1-8a76-4a7b-bac6-67baa7f0fa5f.dll --anonymousPipes 2404 2436 --benchmarkName Asn1Kit.Benchmarks.CertificateListBenchmarks.Asn1Kit_Encode --job Default --benchmarkId 3 in D:\Work\ASN.1\runtime-csharp\benchmarks\Asn1Kit.Pkix.Benchmarks\bin\Release\net6.0\acd7fde1-8a76-4a7b-bac6-67baa7f0fa5f\bin\Release\net6.0
// BeforeAnythingElse

// Benchmark Process Environment Information:
// BenchmarkDotNet v0.13.12
// Runtime=.NET 6.0.10 (6.0.1022.47605), X64 RyuJIT AVX2
// GC=Concurrent Workstation
// HardwareIntrinsics=AVX2,AES,BMI1,BMI2,FMA,LZCNT,PCLMUL,POPCNT,AvxVnni VectorSize=256
// Job: DefaultJob

OverheadJitting  1: 1 op, 236300.00 ns, 236.3000 us/op
WorkloadJitting  1: 1 op, 5642500.00 ns, 5.6425 ms/op

OverheadJitting  2: 16 op, 396900.00 ns, 24.8062 us/op
WorkloadJitting  2: 16 op, 467200.00 ns, 29.2000 us/op

WorkloadPilot    1: 16 op, 72700.00 ns, 4.5438 us/op
WorkloadPilot    2: 32 op, 133900.00 ns, 4.1844 us/op
WorkloadPilot    3: 64 op, 268800.00 ns, 4.2000 us/op
WorkloadPilot    4: 128 op, 519500.00 ns, 4.0586 us/op
WorkloadPilot    5: 256 op, 1480600.00 ns, 5.7836 us/op
WorkloadPilot    6: 512 op, 2542900.00 ns, 4.9666 us/op
WorkloadPilot    7: 1024 op, 4992500.00 ns, 4.8755 us/op
WorkloadPilot    8: 2048 op, 10622000.00 ns, 5.1865 us/op
WorkloadPilot    9: 4096 op, 19199600.00 ns, 4.6874 us/op
WorkloadPilot   10: 8192 op, 41430800.00 ns, 5.0575 us/op
WorkloadPilot   11: 16384 op, 89385000.00 ns, 5.4556 us/op
WorkloadPilot   12: 32768 op, 65111800.00 ns, 1.9871 us/op
WorkloadPilot   13: 65536 op, 104850700.00 ns, 1.5999 us/op
WorkloadPilot   14: 131072 op, 230164500.00 ns, 1.7560 us/op
WorkloadPilot   15: 262144 op, 453658500.00 ns, 1.7306 us/op
WorkloadPilot   16: 524288 op, 901487500.00 ns, 1.7195 us/op

OverheadWarmup   1: 524288 op, 1611900.00 ns, 3.0745 ns/op
OverheadWarmup   2: 524288 op, 1593000.00 ns, 3.0384 ns/op
OverheadWarmup   3: 524288 op, 1725700.00 ns, 3.2915 ns/op
OverheadWarmup   4: 524288 op, 1516000.00 ns, 2.8915 ns/op
OverheadWarmup   5: 524288 op, 1500300.00 ns, 2.8616 ns/op
OverheadWarmup   6: 524288 op, 1454600.00 ns, 2.7744 ns/op
OverheadWarmup   7: 524288 op, 1548700.00 ns, 2.9539 ns/op
OverheadWarmup   8: 524288 op, 1440000.00 ns, 2.7466 ns/op

OverheadActual   1: 524288 op, 1467400.00 ns, 2.7988 ns/op
OverheadActual   2: 524288 op, 1545300.00 ns, 2.9474 ns/op
OverheadActual   3: 524288 op, 1709700.00 ns, 3.2610 ns/op
OverheadActual   4: 524288 op, 1790700.00 ns, 3.4155 ns/op
OverheadActual   5: 524288 op, 1607400.00 ns, 3.0659 ns/op
OverheadActual   6: 524288 op, 1622400.00 ns, 3.0945 ns/op
OverheadActual   7: 524288 op, 1923800.00 ns, 3.6694 ns/op
OverheadActual   8: 524288 op, 1634800.00 ns, 3.1181 ns/op
OverheadActual   9: 524288 op, 1650700.00 ns, 3.1485 ns/op
OverheadActual  10: 524288 op, 1653800.00 ns, 3.1544 ns/op
OverheadActual  11: 524288 op, 1588300.00 ns, 3.0294 ns/op
OverheadActual  12: 524288 op, 1508100.00 ns, 2.8765 ns/op
OverheadActual  13: 524288 op, 1611400.00 ns, 3.0735 ns/op
OverheadActual  14: 524288 op, 2099200.00 ns, 4.0039 ns/op
OverheadActual  15: 524288 op, 1520200.00 ns, 2.8996 ns/op
OverheadActual  16: 524288 op, 1531300.00 ns, 2.9207 ns/op
OverheadActual  17: 524288 op, 1551200.00 ns, 2.9587 ns/op
OverheadActual  18: 524288 op, 1509300.00 ns, 2.8788 ns/op
OverheadActual  19: 524288 op, 1544900.00 ns, 2.9467 ns/op
OverheadActual  20: 524288 op, 1564000.00 ns, 2.9831 ns/op

WorkloadWarmup   1: 524288 op, 926882700.00 ns, 1.7679 us/op
WorkloadWarmup   2: 524288 op, 1170489600.00 ns, 2.2325 us/op
WorkloadWarmup   3: 524288 op, 1175498100.00 ns, 2.2421 us/op
WorkloadWarmup   4: 524288 op, 1176199600.00 ns, 2.2434 us/op
WorkloadWarmup   5: 524288 op, 1160197400.00 ns, 2.2129 us/op
WorkloadWarmup   6: 524288 op, 1185347000.00 ns, 2.2609 us/op
WorkloadWarmup   7: 524288 op, 1165278200.00 ns, 2.2226 us/op

// BeforeActualRun
WorkloadActual   1: 524288 op, 1162277500.00 ns, 2.2169 us/op
WorkloadActual   2: 524288 op, 1217618500.00 ns, 2.3224 us/op
WorkloadActual   3: 524288 op, 1168488800.00 ns, 2.2287 us/op
WorkloadActual   4: 524288 op, 1220553700.00 ns, 2.3280 us/op
WorkloadActual   5: 524288 op, 1186561700.00 ns, 2.2632 us/op
WorkloadActual   6: 524288 op, 1171872400.00 ns, 2.2352 us/op
WorkloadActual   7: 524288 op, 1176289600.00 ns, 2.2436 us/op
WorkloadActual   8: 524288 op, 1169321600.00 ns, 2.2303 us/op
WorkloadActual   9: 524288 op, 1174004100.00 ns, 2.2392 us/op
WorkloadActual  10: 524288 op, 1184358700.00 ns, 2.2590 us/op
WorkloadActual  11: 524288 op, 1182358800.00 ns, 2.2552 us/op
WorkloadActual  12: 524288 op, 1177869800.00 ns, 2.2466 us/op
WorkloadActual  13: 524288 op, 1188364500.00 ns, 2.2666 us/op
WorkloadActual  14: 524288 op, 1184915500.00 ns, 2.2600 us/op
WorkloadActual  15: 524288 op, 1191892900.00 ns, 2.2734 us/op

// AfterActualRun
WorkloadResult   1: 524288 op, 1160679650.00 ns, 2.2138 us/op
WorkloadResult   2: 524288 op, 1166890950.00 ns, 2.2257 us/op
WorkloadResult   3: 524288 op, 1184963850.00 ns, 2.2601 us/op
WorkloadResult   4: 524288 op, 1170274550.00 ns, 2.2321 us/op
WorkloadResult   5: 524288 op, 1174691750.00 ns, 2.2405 us/op
WorkloadResult   6: 524288 op, 1167723750.00 ns, 2.2273 us/op
WorkloadResult   7: 524288 op, 1172406250.00 ns, 2.2362 us/op
WorkloadResult   8: 524288 op, 1182760850.00 ns, 2.2559 us/op
WorkloadResult   9: 524288 op, 1180760950.00 ns, 2.2521 us/op
WorkloadResult  10: 524288 op, 1176271950.00 ns, 2.2436 us/op
WorkloadResult  11: 524288 op, 1186766650.00 ns, 2.2636 us/op
WorkloadResult  12: 524288 op, 1183317650.00 ns, 2.2570 us/op
WorkloadResult  13: 524288 op, 1190295050.00 ns, 2.2703 us/op
// GC:  54 0 0 511705968 524288
// Threading:  0 0 524288

// AfterAll
// Benchmark Process 31064 has exited with code 0.

Mean = 2.244 μs, StdErr = 0.005 μs (0.21%), N = 13, StdDev = 0.017 μs
Min = 2.214 μs, Q1 = 2.232 μs, Median = 2.244 μs, Q3 = 2.257 μs, Max = 2.270 μs
IQR = 0.025 μs, LowerFence = 2.195 μs, UpperFence = 2.294 μs
ConfidenceInterval = [2.224 μs; 2.265 μs] (CI 99.9%), Margin = 0.020 μs (0.90% of Mean)
Skewness = -0.18, Kurtosis = 1.68, MValue = 2

// ** Remained 2 (33,3 %) benchmark(s) to run. Estimated finish 2026-10-10 0:20 (0h 0m from now) **
Successfully reverted power plan (GUID: 381b4222-f694-41f0-9685-ff5bb260df2e FriendlyName: Balanced)
// ***** BenchmarkRunner: Finish  *****

// * Export *
  BenchmarkDotNet.Artifacts\results\Asn1Kit.Benchmarks.CertificateListBenchmarks-report.csv
  BenchmarkDotNet.Artifacts\results\Asn1Kit.Benchmarks.CertificateListBenchmarks-report-github.md
  BenchmarkDotNet.Artifacts\results\Asn1Kit.Benchmarks.CertificateListBenchmarks-report.html

// * Detailed results *
CertificateListBenchmarks.Asn1Kit_Decode: DefaultJob
Runtime = .NET 6.0.10 (6.0.1022.47605), X64 RyuJIT AVX2; GC = Concurrent Workstation
Mean = 3.799 μs, StdErr = 0.007 μs (0.18%), N = 13, StdDev = 0.024 μs
Min = 3.756 μs, Q1 = 3.782 μs, Median = 3.807 μs, Q3 = 3.818 μs, Max = 3.827 μs
IQR = 0.035 μs, LowerFence = 3.729 μs, UpperFence = 3.871 μs
ConfidenceInterval = [3.770 μs; 3.828 μs] (CI 99.9%), Margin = 0.029 μs (0.77% of Mean)
Skewness = -0.62, Kurtosis = 1.75, MValue = 2
-------------------- Histogram --------------------
[3.742 μs ; 3.841 μs) | @@@@@@@@@@@@@
---------------------------------------------------

CertificateListBenchmarks.Asn1Kit_Encode: DefaultJob
Runtime = .NET 6.0.10 (6.0.1022.47605), X64 RyuJIT AVX2; GC = Concurrent Workstation
Mean = 2.244 μs, StdErr = 0.005 μs (0.21%), N = 13, StdDev = 0.017 μs
Min = 2.214 μs, Q1 = 2.232 μs, Median = 2.244 μs, Q3 = 2.257 μs, Max = 2.270 μs
IQR = 0.025 μs, LowerFence = 2.195 μs, UpperFence = 2.294 μs
ConfidenceInterval = [2.224 μs; 2.265 μs] (CI 99.9%), Margin = 0.020 μs (0.90% of Mean)
Skewness = -0.18, Kurtosis = 1.68, MValue = 2
-------------------- Histogram --------------------
[2.212 μs ; 2.280 μs) | @@@@@@@@@@@@@
---------------------------------------------------

// * Summary *

BenchmarkDotNet v0.13.12, Windows 11 (10.0.26200.9445)
Unknown processor
.NET SDK 6.0.402
  [Host]     : .NET 6.0.10 (6.0.1022.47605), X64 RyuJIT AVX2
  DefaultJob : .NET 6.0.10 (6.0.1022.47605), X64 RyuJIT AVX2


| Method         | Categories | Mean     | Error     | StdDev    | Ratio | Gen0   | Allocated | Alloc Ratio |
|--------------- |----------- |---------:|----------:|----------:|------:|-------:|----------:|------------:|
| Asn1Kit_Decode | Decode,CRL | 3.799 μs | 0.0293 μs | 0.0245 μs |  1.00 | 0.1297 |    1288 B |        1.00 |
|                |            |          |           |           |       |        |           |             |
| Asn1Kit_Encode | Encode,CRL | 2.244 μs | 0.0203 μs | 0.0170 μs |  1.00 | 0.1030 |     976 B |        1.00 |

// * Hints *
Outliers
  CertificateListBenchmarks.Asn1Kit_Decode: Default -> 2 outliers were removed (3.88 μs, 4.27 μs)
  CertificateListBenchmarks.Asn1Kit_Encode: Default -> 2 outliers were removed (2.32 μs, 2.33 μs)

// * Legends *
  Categories  : All categories of the corresponded method, class, and assembly
  Mean        : Arithmetic mean of all measurements
  Error       : Half of 99.9% confidence interval
  StdDev      : Standard deviation of all measurements
  Ratio       : Mean of the ratio distribution ([Current]/[Baseline])
  Gen0        : GC Generation 0 collects per 1000 operations
  Allocated   : Allocated memory per single operation (managed only, inclusive, 1KB = 1024B)
  Alloc Ratio : Allocated memory ratio distribution ([Current]/[Baseline])
  1 μs        : 1 Microsecond (0.000001 sec)

// * Diagnostic Output - MemoryDiagnoser *


// ***** BenchmarkRunner: End *****
Run time: 00:00:43 (43.49 sec), executed benchmarks: 2

// Found 2 benchmarks:
//   CmsBenchmarks.Asn1Kit_Lazy_Decode: DefaultJob
//   CmsBenchmarks.Asn1Kit_Lazy_Encode: DefaultJob

Setup power plan (GUID: 8c5e7fda-e8bf-4a96-9a85-a6e23a8c635c FriendlyName: High performance)
// **************************
// Benchmark: CmsBenchmarks.Asn1Kit_Lazy_Decode: DefaultJob
// *** Execute ***
// Launch: 1 / 1
// Execute: dotnet acd7fde1-8a76-4a7b-bac6-67baa7f0fa5f.dll --anonymousPipes 2484 2348 --benchmarkName Asn1Kit.Benchmarks.CmsBenchmarks.Asn1Kit_Lazy_Decode --job Default --benchmarkId 4 in D:\Work\ASN.1\runtime-csharp\benchmarks\Asn1Kit.Pkix.Benchmarks\bin\Release\net6.0\acd7fde1-8a76-4a7b-bac6-67baa7f0fa5f\bin\Release\net6.0
// BeforeAnythingElse

// Benchmark Process Environment Information:
// BenchmarkDotNet v0.13.12
// Runtime=.NET 6.0.10 (6.0.1022.47605), X64 RyuJIT AVX2
// GC=Concurrent Workstation
// HardwareIntrinsics=AVX2,AES,BMI1,BMI2,FMA,LZCNT,PCLMUL,POPCNT,AvxVnni VectorSize=256
// Job: DefaultJob

OverheadJitting  1: 1 op, 268200.00 ns, 268.2000 us/op
WorkloadJitting  1: 1 op, 218700.00 ns, 218.7000 us/op

OverheadJitting  2: 16 op, 456000.00 ns, 28.5000 us/op
WorkloadJitting  2: 16 op, 452600.00 ns, 28.2875 us/op

WorkloadPilot    1: 16 op, 12300.00 ns, 768.7500 ns/op
WorkloadPilot    2: 32 op, 21500.00 ns, 671.8750 ns/op
WorkloadPilot    3: 64 op, 38900.00 ns, 607.8125 ns/op
WorkloadPilot    4: 128 op, 70500.00 ns, 550.7812 ns/op
WorkloadPilot    5: 256 op, 139700.00 ns, 545.7031 ns/op
WorkloadPilot    6: 512 op, 272000.00 ns, 531.2500 ns/op
WorkloadPilot    7: 1024 op, 560000.00 ns, 546.8750 ns/op
WorkloadPilot    8: 2048 op, 1182600.00 ns, 577.4414 ns/op
WorkloadPilot    9: 4096 op, 2140900.00 ns, 522.6807 ns/op
WorkloadPilot   10: 8192 op, 4958400.00 ns, 605.2734 ns/op
WorkloadPilot   11: 16384 op, 10879600.00 ns, 664.0381 ns/op
WorkloadPilot   12: 32768 op, 21602800.00 ns, 659.2651 ns/op
WorkloadPilot   13: 65536 op, 42173200.00 ns, 643.5120 ns/op
WorkloadPilot   14: 131072 op, 72173400.00 ns, 550.6393 ns/op
WorkloadPilot   15: 262144 op, 67278500.00 ns, 256.6471 ns/op
WorkloadPilot   16: 524288 op, 143238000.00 ns, 273.2048 ns/op
WorkloadPilot   17: 1048576 op, 277708100.00 ns, 264.8431 ns/op
WorkloadPilot   18: 2097152 op, 570851900.00 ns, 272.2034 ns/op

OverheadWarmup   1: 2097152 op, 6585800.00 ns, 3.1404 ns/op
OverheadWarmup   2: 2097152 op, 6602900.00 ns, 3.1485 ns/op
OverheadWarmup   3: 2097152 op, 6552900.00 ns, 3.1247 ns/op
OverheadWarmup   4: 2097152 op, 6219100.00 ns, 2.9655 ns/op
OverheadWarmup   5: 2097152 op, 7114800.00 ns, 3.3926 ns/op
OverheadWarmup   6: 2097152 op, 6332500.00 ns, 3.0196 ns/op

OverheadActual   1: 2097152 op, 7049500.00 ns, 3.3615 ns/op
OverheadActual   2: 2097152 op, 7416200.00 ns, 3.5363 ns/op
OverheadActual   3: 2097152 op, 7171100.00 ns, 3.4194 ns/op
OverheadActual   4: 2097152 op, 7087200.00 ns, 3.3794 ns/op
OverheadActual   5: 2097152 op, 7147700.00 ns, 3.4083 ns/op
OverheadActual   6: 2097152 op, 6617900.00 ns, 3.1557 ns/op
OverheadActual   7: 2097152 op, 7191300.00 ns, 3.4291 ns/op
OverheadActual   8: 2097152 op, 7323100.00 ns, 3.4919 ns/op
OverheadActual   9: 2097152 op, 8049200.00 ns, 3.8382 ns/op
OverheadActual  10: 2097152 op, 8369400.00 ns, 3.9908 ns/op
OverheadActual  11: 2097152 op, 8262000.00 ns, 3.9396 ns/op
OverheadActual  12: 2097152 op, 8189700.00 ns, 3.9052 ns/op
OverheadActual  13: 2097152 op, 8088700.00 ns, 3.8570 ns/op
OverheadActual  14: 2097152 op, 7924900.00 ns, 3.7789 ns/op
OverheadActual  15: 2097152 op, 7337900.00 ns, 3.4990 ns/op
OverheadActual  16: 2097152 op, 8150600.00 ns, 3.8865 ns/op
OverheadActual  17: 2097152 op, 7632300.00 ns, 3.6394 ns/op
OverheadActual  18: 2097152 op, 7252400.00 ns, 3.4582 ns/op
OverheadActual  19: 2097152 op, 7449300.00 ns, 3.5521 ns/op
OverheadActual  20: 2097152 op, 6679900.00 ns, 3.1852 ns/op

WorkloadWarmup   1: 2097152 op, 515265700.00 ns, 245.6978 ns/op
WorkloadWarmup   2: 2097152 op, 537895600.00 ns, 256.4886 ns/op
WorkloadWarmup   3: 2097152 op, 566634400.00 ns, 270.1923 ns/op
WorkloadWarmup   4: 2097152 op, 612422700.00 ns, 292.0259 ns/op
WorkloadWarmup   5: 2097152 op, 628950700.00 ns, 299.9071 ns/op
WorkloadWarmup   6: 2097152 op, 613397700.00 ns, 292.4908 ns/op
WorkloadWarmup   7: 2097152 op, 620572600.00 ns, 295.9121 ns/op
WorkloadWarmup   8: 2097152 op, 623978900.00 ns, 297.5363 ns/op
WorkloadWarmup   9: 2097152 op, 627067400.00 ns, 299.0090 ns/op
WorkloadWarmup  10: 2097152 op, 590381900.00 ns, 281.5160 ns/op

// BeforeActualRun
WorkloadActual   1: 2097152 op, 532238600.00 ns, 253.7911 ns/op
WorkloadActual   2: 2097152 op, 613542300.00 ns, 292.5598 ns/op
WorkloadActual   3: 2097152 op, 649180700.00 ns, 309.5535 ns/op
WorkloadActual   4: 2097152 op, 633633400.00 ns, 302.1399 ns/op
WorkloadActual   5: 2097152 op, 638333500.00 ns, 304.3811 ns/op
WorkloadActual   6: 2097152 op, 695023500.00 ns, 331.4130 ns/op
WorkloadActual   7: 2097152 op, 623764100.00 ns, 297.4339 ns/op
WorkloadActual   8: 2097152 op, 615219300.00 ns, 293.3594 ns/op
WorkloadActual   9: 2097152 op, 622140900.00 ns, 296.6599 ns/op
WorkloadActual  10: 2097152 op, 613874900.00 ns, 292.7184 ns/op
WorkloadActual  11: 2097152 op, 611612600.00 ns, 291.6396 ns/op
WorkloadActual  12: 2097152 op, 614211300.00 ns, 292.8788 ns/op
WorkloadActual  13: 2097152 op, 605583500.00 ns, 288.7647 ns/op
WorkloadActual  14: 2097152 op, 619192700.00 ns, 295.2541 ns/op
WorkloadActual  15: 2097152 op, 623889600.00 ns, 297.4937 ns/op
WorkloadActual  16: 2097152 op, 624773700.00 ns, 297.9153 ns/op
WorkloadActual  17: 2097152 op, 622660800.00 ns, 296.9078 ns/op
WorkloadActual  18: 2097152 op, 633519400.00 ns, 302.0856 ns/op
WorkloadActual  19: 2097152 op, 628722800.00 ns, 299.7984 ns/op
WorkloadActual  20: 2097152 op, 621292000.00 ns, 296.2551 ns/op
WorkloadActual  21: 2097152 op, 649433600.00 ns, 309.6741 ns/op
WorkloadActual  22: 2097152 op, 642407200.00 ns, 306.3236 ns/op
WorkloadActual  23: 2097152 op, 653858000.00 ns, 311.7838 ns/op
WorkloadActual  24: 2097152 op, 624248600.00 ns, 297.6649 ns/op
WorkloadActual  25: 2097152 op, 619023500.00 ns, 295.1734 ns/op
WorkloadActual  26: 2097152 op, 633401200.00 ns, 302.0292 ns/op
WorkloadActual  27: 2097152 op, 621684800.00 ns, 296.4424 ns/op
WorkloadActual  28: 2097152 op, 652403000.00 ns, 311.0900 ns/op
WorkloadActual  29: 2097152 op, 617210900.00 ns, 294.3091 ns/op
WorkloadActual  30: 2097152 op, 622938100.00 ns, 297.0400 ns/op
WorkloadActual  31: 2097152 op, 629004500.00 ns, 299.9327 ns/op
WorkloadActual  32: 2097152 op, 614936600.00 ns, 293.2246 ns/op
WorkloadActual  33: 2097152 op, 633668700.00 ns, 302.1568 ns/op
WorkloadActual  34: 2097152 op, 627725600.00 ns, 299.3229 ns/op
WorkloadActual  35: 2097152 op, 609327300.00 ns, 290.5499 ns/op
WorkloadActual  36: 2097152 op, 614013500.00 ns, 292.7845 ns/op

// AfterActualRun
WorkloadResult   1: 2097152 op, 524861550.00 ns, 250.2735 ns/op
WorkloadResult   2: 2097152 op, 606165250.00 ns, 289.0421 ns/op
WorkloadResult   3: 2097152 op, 641803650.00 ns, 306.0358 ns/op
WorkloadResult   4: 2097152 op, 626256350.00 ns, 298.6223 ns/op
WorkloadResult   5: 2097152 op, 630956450.00 ns, 300.8635 ns/op
WorkloadResult   6: 2097152 op, 616387050.00 ns, 293.9162 ns/op
WorkloadResult   7: 2097152 op, 607842250.00 ns, 289.8418 ns/op
WorkloadResult   8: 2097152 op, 614763850.00 ns, 293.1422 ns/op
WorkloadResult   9: 2097152 op, 606497850.00 ns, 289.2007 ns/op
WorkloadResult  10: 2097152 op, 604235550.00 ns, 288.1220 ns/op
WorkloadResult  11: 2097152 op, 606834250.00 ns, 289.3611 ns/op
WorkloadResult  12: 2097152 op, 598206450.00 ns, 285.2471 ns/op
WorkloadResult  13: 2097152 op, 611815650.00 ns, 291.7364 ns/op
WorkloadResult  14: 2097152 op, 616512550.00 ns, 293.9761 ns/op
WorkloadResult  15: 2097152 op, 617396650.00 ns, 294.3977 ns/op
WorkloadResult  16: 2097152 op, 615283750.00 ns, 293.3902 ns/op
WorkloadResult  17: 2097152 op, 626142350.00 ns, 298.5679 ns/op
WorkloadResult  18: 2097152 op, 621345750.00 ns, 296.2807 ns/op
WorkloadResult  19: 2097152 op, 613914950.00 ns, 292.7375 ns/op
WorkloadResult  20: 2097152 op, 642056550.00 ns, 306.1564 ns/op
WorkloadResult  21: 2097152 op, 635030150.00 ns, 302.8060 ns/op
WorkloadResult  22: 2097152 op, 646480950.00 ns, 308.2661 ns/op
WorkloadResult  23: 2097152 op, 616871550.00 ns, 294.1473 ns/op
WorkloadResult  24: 2097152 op, 611646450.00 ns, 291.6558 ns/op
WorkloadResult  25: 2097152 op, 626024150.00 ns, 298.5116 ns/op
WorkloadResult  26: 2097152 op, 614307750.00 ns, 292.9248 ns/op
WorkloadResult  27: 2097152 op, 645025950.00 ns, 307.5723 ns/op
WorkloadResult  28: 2097152 op, 609833850.00 ns, 290.7914 ns/op
WorkloadResult  29: 2097152 op, 615561050.00 ns, 293.5224 ns/op
WorkloadResult  30: 2097152 op, 621627450.00 ns, 296.4151 ns/op
WorkloadResult  31: 2097152 op, 607559550.00 ns, 289.7070 ns/op
WorkloadResult  32: 2097152 op, 626291650.00 ns, 298.6391 ns/op
WorkloadResult  33: 2097152 op, 620348550.00 ns, 295.8052 ns/op
WorkloadResult  34: 2097152 op, 601950250.00 ns, 287.0322 ns/op
WorkloadResult  35: 2097152 op, 606636450.00 ns, 289.2668 ns/op
// GC:  28 0 0 268435664 2097152
// Threading:  0 0 2097152

// AfterAll
// Benchmark Process 15224 has exited with code 0.

Mean = 293.656 ns, StdErr = 1.620 ns (0.55%), N = 35, StdDev = 9.585 ns
Min = 250.273 ns, Q1 = 289.774 ns, Median = 293.522 ns, Q3 = 298.540 ns, Max = 308.266 ns
IQR = 8.765 ns, LowerFence = 276.626 ns, UpperFence = 311.688 ns
ConfidenceInterval = [287.823 ns; 299.490 ns] (CI 99.9%), Margin = 5.834 ns (1.99% of Mean)
Skewness = -2.33, Kurtosis = 12.51, MValue = 2

// ** Remained 1 (16,7 %) benchmark(s) to run. Estimated finish 2026-10-10 0:20 (0h 0m from now) **
Setup power plan (GUID: 8c5e7fda-e8bf-4a96-9a85-a6e23a8c635c FriendlyName: High performance)
// **************************
// Benchmark: CmsBenchmarks.Asn1Kit_Lazy_Encode: DefaultJob
// *** Execute ***
// Launch: 1 / 1
// Execute: dotnet acd7fde1-8a76-4a7b-bac6-67baa7f0fa5f.dll --anonymousPipes 1464 1772 --benchmarkName Asn1Kit.Benchmarks.CmsBenchmarks.Asn1Kit_Lazy_Encode --job Default --benchmarkId 5 in D:\Work\ASN.1\runtime-csharp\benchmarks\Asn1Kit.Pkix.Benchmarks\bin\Release\net6.0\acd7fde1-8a76-4a7b-bac6-67baa7f0fa5f\bin\Release\net6.0
// BeforeAnythingElse

// Benchmark Process Environment Information:
// BenchmarkDotNet v0.13.12
// Runtime=.NET 6.0.10 (6.0.1022.47605), X64 RyuJIT AVX2
// GC=Concurrent Workstation
// HardwareIntrinsics=AVX2,AES,BMI1,BMI2,FMA,LZCNT,PCLMUL,POPCNT,AvxVnni VectorSize=256
// Job: DefaultJob

OverheadJitting  1: 1 op, 241600.00 ns, 241.6000 us/op
WorkloadJitting  1: 1 op, 2865500.00 ns, 2.8655 ms/op

OverheadJitting  2: 16 op, 465400.00 ns, 29.0875 us/op
WorkloadJitting  2: 16 op, 492500.00 ns, 30.7812 us/op

WorkloadPilot    1: 16 op, 15000.00 ns, 937.5000 ns/op
WorkloadPilot    2: 32 op, 20700.00 ns, 646.8750 ns/op
WorkloadPilot    3: 64 op, 31300.00 ns, 489.0625 ns/op
WorkloadPilot    4: 128 op, 56100.00 ns, 438.2812 ns/op
WorkloadPilot    5: 256 op, 111400.00 ns, 435.1562 ns/op
WorkloadPilot    6: 512 op, 222600.00 ns, 434.7656 ns/op
WorkloadPilot    7: 1024 op, 652900.00 ns, 637.5977 ns/op
WorkloadPilot    8: 2048 op, 1333900.00 ns, 651.3184 ns/op
WorkloadPilot    9: 4096 op, 2680500.00 ns, 654.4189 ns/op
WorkloadPilot   10: 8192 op, 5909100.00 ns, 721.3257 ns/op
WorkloadPilot   11: 16384 op, 8780700.00 ns, 535.9314 ns/op
WorkloadPilot   12: 32768 op, 17442500.00 ns, 532.3029 ns/op
WorkloadPilot   13: 65536 op, 37390200.00 ns, 570.5292 ns/op
WorkloadPilot   14: 131072 op, 74844700.00 ns, 571.0197 ns/op
WorkloadPilot   15: 262144 op, 79767300.00 ns, 304.2881 ns/op
WorkloadPilot   16: 524288 op, 137329200.00 ns, 261.9347 ns/op
WorkloadPilot   17: 1048576 op, 235995400.00 ns, 225.0628 ns/op
WorkloadPilot   18: 2097152 op, 455072300.00 ns, 216.9954 ns/op
WorkloadPilot   19: 4194304 op, 940986100.00 ns, 224.3486 ns/op

OverheadWarmup   1: 4194304 op, 14675500.00 ns, 3.4989 ns/op
OverheadWarmup   2: 4194304 op, 13477300.00 ns, 3.2132 ns/op
OverheadWarmup   3: 4194304 op, 12739500.00 ns, 3.0373 ns/op
OverheadWarmup   4: 4194304 op, 11889600.00 ns, 2.8347 ns/op
OverheadWarmup   5: 4194304 op, 13005600.00 ns, 3.1008 ns/op
OverheadWarmup   6: 4194304 op, 13528700.00 ns, 3.2255 ns/op
OverheadWarmup   7: 4194304 op, 12968100.00 ns, 3.0918 ns/op
OverheadWarmup   8: 4194304 op, 12447300.00 ns, 2.9677 ns/op
OverheadWarmup   9: 4194304 op, 12237500.00 ns, 2.9176 ns/op
OverheadWarmup  10: 4194304 op, 12244600.00 ns, 2.9193 ns/op

OverheadActual   1: 4194304 op, 12102900.00 ns, 2.8856 ns/op
OverheadActual   2: 4194304 op, 12640200.00 ns, 3.0137 ns/op
OverheadActual   3: 4194304 op, 13467000.00 ns, 3.2108 ns/op
OverheadActual   4: 4194304 op, 14202400.00 ns, 3.3861 ns/op
OverheadActual   5: 4194304 op, 13449300.00 ns, 3.2066 ns/op
OverheadActual   6: 4194304 op, 13232000.00 ns, 3.1548 ns/op
OverheadActual   7: 4194304 op, 13196800.00 ns, 3.1464 ns/op
OverheadActual   8: 4194304 op, 12483700.00 ns, 2.9763 ns/op
OverheadActual   9: 4194304 op, 12970700.00 ns, 3.0925 ns/op
OverheadActual  10: 4194304 op, 11905100.00 ns, 2.8384 ns/op
OverheadActual  11: 4194304 op, 12665400.00 ns, 3.0197 ns/op
OverheadActual  12: 4194304 op, 12093000.00 ns, 2.8832 ns/op
OverheadActual  13: 4194304 op, 12118500.00 ns, 2.8893 ns/op
OverheadActual  14: 4194304 op, 12319200.00 ns, 2.9371 ns/op
OverheadActual  15: 4194304 op, 11043600.00 ns, 2.6330 ns/op
OverheadActual  16: 4194304 op, 10943300.00 ns, 2.6091 ns/op
OverheadActual  17: 4194304 op, 11141100.00 ns, 2.6562 ns/op
OverheadActual  18: 4194304 op, 10847700.00 ns, 2.5863 ns/op
OverheadActual  19: 4194304 op, 11066500.00 ns, 2.6385 ns/op
OverheadActual  20: 4194304 op, 11957300.00 ns, 2.8508 ns/op

WorkloadWarmup   1: 4194304 op, 1229994500.00 ns, 293.2535 ns/op
WorkloadWarmup   2: 4194304 op, 1384137500.00 ns, 330.0041 ns/op
WorkloadWarmup   3: 4194304 op, 1407981100.00 ns, 335.6889 ns/op
WorkloadWarmup   4: 4194304 op, 1425547400.00 ns, 339.8770 ns/op
WorkloadWarmup   5: 4194304 op, 1368495000.00 ns, 326.2746 ns/op
WorkloadWarmup   6: 4194304 op, 1392208300.00 ns, 331.9283 ns/op
WorkloadWarmup   7: 4194304 op, 1462480900.00 ns, 348.6826 ns/op
WorkloadWarmup   8: 4194304 op, 1488446800.00 ns, 354.8734 ns/op
WorkloadWarmup   9: 4194304 op, 1405330200.00 ns, 335.0568 ns/op

// BeforeActualRun
WorkloadActual   1: 4194304 op, 1417955600.00 ns, 338.0670 ns/op
WorkloadActual   2: 4194304 op, 1446182500.00 ns, 344.7968 ns/op
WorkloadActual   3: 4194304 op, 1376768800.00 ns, 328.2473 ns/op
WorkloadActual   4: 4194304 op, 1388566500.00 ns, 331.0601 ns/op
WorkloadActual   5: 4194304 op, 1390571300.00 ns, 331.5380 ns/op
WorkloadActual   6: 4194304 op, 1395821500.00 ns, 332.7898 ns/op
WorkloadActual   7: 4194304 op, 1458175300.00 ns, 347.6561 ns/op
WorkloadActual   8: 4194304 op, 1525867500.00 ns, 363.7952 ns/op
WorkloadActual   9: 4194304 op, 1419731100.00 ns, 338.4903 ns/op
WorkloadActual  10: 4194304 op, 1388020000.00 ns, 330.9298 ns/op
WorkloadActual  11: 4194304 op, 1398261700.00 ns, 333.3716 ns/op
WorkloadActual  12: 4194304 op, 1424590500.00 ns, 339.6488 ns/op
WorkloadActual  13: 4194304 op, 1399650800.00 ns, 333.7028 ns/op
WorkloadActual  14: 4194304 op, 1459352700.00 ns, 347.9368 ns/op
WorkloadActual  15: 4194304 op, 1508453400.00 ns, 359.6433 ns/op
WorkloadActual  16: 4194304 op, 1388502900.00 ns, 331.0449 ns/op
WorkloadActual  17: 4194304 op, 1382302700.00 ns, 329.5666 ns/op
WorkloadActual  18: 4194304 op, 1488565800.00 ns, 354.9017 ns/op
WorkloadActual  19: 4194304 op, 1466862900.00 ns, 349.7274 ns/op
WorkloadActual  20: 4194304 op, 1387849000.00 ns, 330.8890 ns/op
WorkloadActual  21: 4194304 op, 1377694700.00 ns, 328.4680 ns/op
WorkloadActual  22: 4194304 op, 1410417500.00 ns, 336.2697 ns/op
WorkloadActual  23: 4194304 op, 1426724200.00 ns, 340.1576 ns/op
WorkloadActual  24: 4194304 op, 1792458700.00 ns, 427.3555 ns/op
WorkloadActual  25: 4194304 op, 1549215000.00 ns, 369.3616 ns/op
WorkloadActual  26: 4194304 op, 1411995600.00 ns, 336.6460 ns/op
WorkloadActual  27: 4194304 op, 1413097700.00 ns, 336.9087 ns/op
WorkloadActual  28: 4194304 op, 1452677100.00 ns, 346.3452 ns/op
WorkloadActual  29: 4194304 op, 1463859500.00 ns, 349.0113 ns/op
WorkloadActual  30: 4194304 op, 997496600.00 ns, 237.8217 ns/op
WorkloadActual  31: 4194304 op, 1053873700.00 ns, 251.2631 ns/op
WorkloadActual  32: 4194304 op, 1054993600.00 ns, 251.5301 ns/op
WorkloadActual  33: 4194304 op, 1125880300.00 ns, 268.4308 ns/op
WorkloadActual  34: 4194304 op, 1115421200.00 ns, 265.9371 ns/op
WorkloadActual  35: 4194304 op, 1112530200.00 ns, 265.2479 ns/op
WorkloadActual  36: 4194304 op, 1023281900.00 ns, 243.9694 ns/op
WorkloadActual  37: 4194304 op, 959882100.00 ns, 228.8537 ns/op
WorkloadActual  38: 4194304 op, 987461900.00 ns, 235.4293 ns/op
WorkloadActual  39: 4194304 op, 973775600.00 ns, 232.1662 ns/op
WorkloadActual  40: 4194304 op, 1024114600.00 ns, 244.1679 ns/op
WorkloadActual  41: 4194304 op, 1331798900.00 ns, 317.5256 ns/op
WorkloadActual  42: 4194304 op, 1430726000.00 ns, 341.1117 ns/op
WorkloadActual  43: 4194304 op, 1426200400.00 ns, 340.0327 ns/op
WorkloadActual  44: 4194304 op, 1441546800.00 ns, 343.6915 ns/op
WorkloadActual  45: 4194304 op, 1418146700.00 ns, 338.1125 ns/op
WorkloadActual  46: 4194304 op, 1238082500.00 ns, 295.1819 ns/op
WorkloadActual  47: 4194304 op, 1041299900.00 ns, 248.2652 ns/op
WorkloadActual  48: 4194304 op, 1072255100.00 ns, 255.6455 ns/op
WorkloadActual  49: 4194304 op, 1017898200.00 ns, 242.6858 ns/op
WorkloadActual  50: 4194304 op, 987304200.00 ns, 235.3917 ns/op
WorkloadActual  51: 4194304 op, 970644600.00 ns, 231.4197 ns/op
WorkloadActual  52: 4194304 op, 970151900.00 ns, 231.3022 ns/op
WorkloadActual  53: 4194304 op, 932055600.00 ns, 222.2194 ns/op
WorkloadActual  54: 4194304 op, 922520900.00 ns, 219.9461 ns/op
WorkloadActual  55: 4194304 op, 945037100.00 ns, 225.3144 ns/op
WorkloadActual  56: 4194304 op, 960483900.00 ns, 228.9972 ns/op
WorkloadActual  57: 4194304 op, 960483000.00 ns, 228.9970 ns/op
WorkloadActual  58: 4194304 op, 974084400.00 ns, 232.2398 ns/op
WorkloadActual  59: 4194304 op, 976709500.00 ns, 232.8657 ns/op
WorkloadActual  60: 4194304 op, 1132484300.00 ns, 270.0053 ns/op
WorkloadActual  61: 4194304 op, 1088313100.00 ns, 259.4741 ns/op
WorkloadActual  62: 4194304 op, 947534100.00 ns, 225.9097 ns/op
WorkloadActual  63: 4194304 op, 930506200.00 ns, 221.8500 ns/op
WorkloadActual  64: 4194304 op, 960250800.00 ns, 228.9416 ns/op
WorkloadActual  65: 4194304 op, 939682500.00 ns, 224.0378 ns/op
WorkloadActual  66: 4194304 op, 966226800.00 ns, 230.3664 ns/op
WorkloadActual  67: 4194304 op, 1025410300.00 ns, 244.4769 ns/op
WorkloadActual  68: 4194304 op, 937311600.00 ns, 223.4725 ns/op
WorkloadActual  69: 4194304 op, 958424000.00 ns, 228.5061 ns/op
WorkloadActual  70: 4194304 op, 993178400.00 ns, 236.7922 ns/op
WorkloadActual  71: 4194304 op, 996393900.00 ns, 237.5588 ns/op
WorkloadActual  72: 4194304 op, 1000581500.00 ns, 238.5572 ns/op
WorkloadActual  73: 4194304 op, 976111300.00 ns, 232.7231 ns/op
WorkloadActual  74: 4194304 op, 997932800.00 ns, 237.9257 ns/op
WorkloadActual  75: 4194304 op, 963845000.00 ns, 229.7986 ns/op
WorkloadActual  76: 4194304 op, 965117400.00 ns, 230.1019 ns/op
WorkloadActual  77: 4194304 op, 912736200.00 ns, 217.6133 ns/op
WorkloadActual  78: 4194304 op, 908648500.00 ns, 216.6387 ns/op
WorkloadActual  79: 4194304 op, 956889200.00 ns, 228.1402 ns/op
WorkloadActual  80: 4194304 op, 923259400.00 ns, 220.1222 ns/op
WorkloadActual  81: 4194304 op, 924527800.00 ns, 220.4246 ns/op
WorkloadActual  82: 4194304 op, 936824000.00 ns, 223.3562 ns/op
WorkloadActual  83: 4194304 op, 954623400.00 ns, 227.6000 ns/op
WorkloadActual  84: 4194304 op, 925733300.00 ns, 220.7120 ns/op
WorkloadActual  85: 4194304 op, 925209900.00 ns, 220.5872 ns/op
WorkloadActual  86: 4194304 op, 981440200.00 ns, 233.9936 ns/op
WorkloadActual  87: 4194304 op, 923321800.00 ns, 220.1371 ns/op
WorkloadActual  88: 4194304 op, 985279600.00 ns, 234.9090 ns/op
WorkloadActual  89: 4194304 op, 970322500.00 ns, 231.3429 ns/op
WorkloadActual  90: 4194304 op, 1168466100.00 ns, 278.5840 ns/op
WorkloadActual  91: 4194304 op, 1331076300.00 ns, 317.3533 ns/op
WorkloadActual  92: 4194304 op, 1364577200.00 ns, 325.3406 ns/op
WorkloadActual  93: 4194304 op, 1398926100.00 ns, 333.5300 ns/op
WorkloadActual  94: 4194304 op, 1408109500.00 ns, 335.7195 ns/op
WorkloadActual  95: 4194304 op, 1410663500.00 ns, 336.3284 ns/op
WorkloadActual  96: 4194304 op, 1404773000.00 ns, 334.9240 ns/op
WorkloadActual  97: 4194304 op, 1421058500.00 ns, 338.8067 ns/op
WorkloadActual  98: 4194304 op, 1449604100.00 ns, 345.6125 ns/op
WorkloadActual  99: 4194304 op, 1440770300.00 ns, 343.5064 ns/op
WorkloadActual  100: 4194304 op, 996849600.00 ns, 237.6675 ns/op

// AfterActualRun
WorkloadResult   1: 4194304 op, 1405736750.00 ns, 335.1538 ns/op
WorkloadResult   2: 4194304 op, 1433963650.00 ns, 341.8836 ns/op
WorkloadResult   3: 4194304 op, 1364549950.00 ns, 325.3341 ns/op
WorkloadResult   4: 4194304 op, 1376347650.00 ns, 328.1469 ns/op
WorkloadResult   5: 4194304 op, 1378352450.00 ns, 328.6248 ns/op
WorkloadResult   6: 4194304 op, 1383602650.00 ns, 329.8766 ns/op
WorkloadResult   7: 4194304 op, 1445956450.00 ns, 344.7429 ns/op
WorkloadResult   8: 4194304 op, 1513648650.00 ns, 360.8820 ns/op
WorkloadResult   9: 4194304 op, 1407512250.00 ns, 335.5771 ns/op
WorkloadResult  10: 4194304 op, 1375801150.00 ns, 328.0166 ns/op
WorkloadResult  11: 4194304 op, 1386042850.00 ns, 330.4584 ns/op
WorkloadResult  12: 4194304 op, 1412371650.00 ns, 336.7356 ns/op
WorkloadResult  13: 4194304 op, 1387431950.00 ns, 330.7896 ns/op
WorkloadResult  14: 4194304 op, 1447133850.00 ns, 345.0236 ns/op
WorkloadResult  15: 4194304 op, 1496234550.00 ns, 356.7301 ns/op
WorkloadResult  16: 4194304 op, 1376284050.00 ns, 328.1317 ns/op
WorkloadResult  17: 4194304 op, 1370083850.00 ns, 326.6534 ns/op
WorkloadResult  18: 4194304 op, 1476346950.00 ns, 351.9885 ns/op
WorkloadResult  19: 4194304 op, 1454644050.00 ns, 346.8142 ns/op
WorkloadResult  20: 4194304 op, 1375630150.00 ns, 327.9758 ns/op
WorkloadResult  21: 4194304 op, 1365475850.00 ns, 325.5548 ns/op
WorkloadResult  22: 4194304 op, 1398198650.00 ns, 333.3565 ns/op
WorkloadResult  23: 4194304 op, 1414505350.00 ns, 337.2444 ns/op
WorkloadResult  24: 4194304 op, 1780239850.00 ns, 424.4423 ns/op
WorkloadResult  25: 4194304 op, 1536996150.00 ns, 366.4484 ns/op
WorkloadResult  26: 4194304 op, 1399776750.00 ns, 333.7328 ns/op
WorkloadResult  27: 4194304 op, 1400878850.00 ns, 333.9955 ns/op
WorkloadResult  28: 4194304 op, 1440458250.00 ns, 343.4320 ns/op
WorkloadResult  29: 4194304 op, 1451640650.00 ns, 346.0981 ns/op
WorkloadResult  30: 4194304 op, 985277750.00 ns, 234.9085 ns/op
WorkloadResult  31: 4194304 op, 1041654850.00 ns, 248.3499 ns/op
WorkloadResult  32: 4194304 op, 1042774750.00 ns, 248.6169 ns/op
WorkloadResult  33: 4194304 op, 1113661450.00 ns, 265.5176 ns/op
WorkloadResult  34: 4194304 op, 1103202350.00 ns, 263.0239 ns/op
WorkloadResult  35: 4194304 op, 1100311350.00 ns, 262.3347 ns/op
WorkloadResult  36: 4194304 op, 1011063050.00 ns, 241.0562 ns/op
WorkloadResult  37: 4194304 op, 947663250.00 ns, 225.9405 ns/op
WorkloadResult  38: 4194304 op, 975243050.00 ns, 232.5161 ns/op
WorkloadResult  39: 4194304 op, 961556750.00 ns, 229.2530 ns/op
WorkloadResult  40: 4194304 op, 1011895750.00 ns, 241.2547 ns/op
WorkloadResult  41: 4194304 op, 1319580050.00 ns, 314.6124 ns/op
WorkloadResult  42: 4194304 op, 1418507150.00 ns, 338.1985 ns/op
WorkloadResult  43: 4194304 op, 1413981550.00 ns, 337.1195 ns/op
WorkloadResult  44: 4194304 op, 1429327950.00 ns, 340.7783 ns/op
WorkloadResult  45: 4194304 op, 1405927850.00 ns, 335.1993 ns/op
WorkloadResult  46: 4194304 op, 1225863650.00 ns, 292.2687 ns/op
WorkloadResult  47: 4194304 op, 1029081050.00 ns, 245.3520 ns/op
WorkloadResult  48: 4194304 op, 1060036250.00 ns, 252.7323 ns/op
WorkloadResult  49: 4194304 op, 1005679350.00 ns, 239.7726 ns/op
WorkloadResult  50: 4194304 op, 975085350.00 ns, 232.4785 ns/op
WorkloadResult  51: 4194304 op, 958425750.00 ns, 228.5065 ns/op
WorkloadResult  52: 4194304 op, 957933050.00 ns, 228.3890 ns/op
WorkloadResult  53: 4194304 op, 919836750.00 ns, 219.3062 ns/op
WorkloadResult  54: 4194304 op, 910302050.00 ns, 217.0329 ns/op
WorkloadResult  55: 4194304 op, 932818250.00 ns, 222.4012 ns/op
WorkloadResult  56: 4194304 op, 948265050.00 ns, 226.0840 ns/op
WorkloadResult  57: 4194304 op, 948264150.00 ns, 226.0838 ns/op
WorkloadResult  58: 4194304 op, 961865550.00 ns, 229.3266 ns/op
WorkloadResult  59: 4194304 op, 964490650.00 ns, 229.9525 ns/op
WorkloadResult  60: 4194304 op, 1120265450.00 ns, 267.0921 ns/op
WorkloadResult  61: 4194304 op, 1076094250.00 ns, 256.5609 ns/op
WorkloadResult  62: 4194304 op, 935315250.00 ns, 222.9965 ns/op
WorkloadResult  63: 4194304 op, 918287350.00 ns, 218.9368 ns/op
WorkloadResult  64: 4194304 op, 948031950.00 ns, 226.0284 ns/op
WorkloadResult  65: 4194304 op, 927463650.00 ns, 221.1246 ns/op
WorkloadResult  66: 4194304 op, 954007950.00 ns, 227.4532 ns/op
WorkloadResult  67: 4194304 op, 1013191450.00 ns, 241.5637 ns/op
WorkloadResult  68: 4194304 op, 925092750.00 ns, 220.5593 ns/op
WorkloadResult  69: 4194304 op, 946205150.00 ns, 225.5929 ns/op
WorkloadResult  70: 4194304 op, 980959550.00 ns, 233.8790 ns/op
WorkloadResult  71: 4194304 op, 984175050.00 ns, 234.6456 ns/op
WorkloadResult  72: 4194304 op, 988362650.00 ns, 235.6440 ns/op
WorkloadResult  73: 4194304 op, 963892450.00 ns, 229.8099 ns/op
WorkloadResult  74: 4194304 op, 985713950.00 ns, 235.0125 ns/op
WorkloadResult  75: 4194304 op, 951626150.00 ns, 226.8854 ns/op
WorkloadResult  76: 4194304 op, 952898550.00 ns, 227.1887 ns/op
WorkloadResult  77: 4194304 op, 900517350.00 ns, 214.7001 ns/op
WorkloadResult  78: 4194304 op, 896429650.00 ns, 213.7255 ns/op
WorkloadResult  79: 4194304 op, 944670350.00 ns, 225.2270 ns/op
WorkloadResult  80: 4194304 op, 911040550.00 ns, 217.2090 ns/op
WorkloadResult  81: 4194304 op, 912308950.00 ns, 217.5114 ns/op
WorkloadResult  82: 4194304 op, 924605150.00 ns, 220.4430 ns/op
WorkloadResult  83: 4194304 op, 942404550.00 ns, 224.6868 ns/op
WorkloadResult  84: 4194304 op, 913514450.00 ns, 217.7988 ns/op
WorkloadResult  85: 4194304 op, 912991050.00 ns, 217.6740 ns/op
WorkloadResult  86: 4194304 op, 969221350.00 ns, 231.0804 ns/op
WorkloadResult  87: 4194304 op, 911102950.00 ns, 217.2239 ns/op
WorkloadResult  88: 4194304 op, 973060750.00 ns, 231.9958 ns/op
WorkloadResult  89: 4194304 op, 958103650.00 ns, 228.4297 ns/op
WorkloadResult  90: 4194304 op, 1156247250.00 ns, 275.6708 ns/op
WorkloadResult  91: 4194304 op, 1318857450.00 ns, 314.4401 ns/op
WorkloadResult  92: 4194304 op, 1352358350.00 ns, 322.4274 ns/op
WorkloadResult  93: 4194304 op, 1386707250.00 ns, 330.6168 ns/op
WorkloadResult  94: 4194304 op, 1395890650.00 ns, 332.8063 ns/op
WorkloadResult  95: 4194304 op, 1398444650.00 ns, 333.4152 ns/op
WorkloadResult  96: 4194304 op, 1392554150.00 ns, 332.0108 ns/op
WorkloadResult  97: 4194304 op, 1408839650.00 ns, 335.8935 ns/op
WorkloadResult  98: 4194304 op, 1437385250.00 ns, 342.6993 ns/op
WorkloadResult  99: 4194304 op, 1428551450.00 ns, 340.5932 ns/op
WorkloadResult  100: 4194304 op, 984630750.00 ns, 234.7543 ns/op
// GC:  531 0 0 4999610912 4194304
// Threading:  0 0 4194304

// AfterAll
// Benchmark Process 39600 has exited with code 0.

Mean = 278.562 ns, StdErr = 5.449 ns (1.96%), N = 100, StdDev = 54.489 ns
Min = 213.725 ns, Q1 = 228.155 ns, Median = 254.647 ns, Q3 = 333.371 ns, Max = 424.442 ns
IQR = 105.216 ns, LowerFence = 70.331 ns, UpperFence = 491.195 ns
ConfidenceInterval = [260.082 ns; 297.042 ns] (CI 99.9%), Margin = 18.480 ns (6.63% of Mean)
Skewness = 0.31, Kurtosis = 1.56, MValue = 3.65

// ** Remained 0 (0,0 %) benchmark(s) to run. Estimated finish 2026-10-10 0:21 (0h 0m from now) **
Successfully reverted power plan (GUID: 381b4222-f694-41f0-9685-ff5bb260df2e FriendlyName: Balanced)
// ***** BenchmarkRunner: Finish  *****

// * Export *
  BenchmarkDotNet.Artifacts\results\Asn1Kit.Benchmarks.CmsBenchmarks-report.csv
  BenchmarkDotNet.Artifacts\results\Asn1Kit.Benchmarks.CmsBenchmarks-report-github.md
  BenchmarkDotNet.Artifacts\results\Asn1Kit.Benchmarks.CmsBenchmarks-report.html

// * Detailed results *
CmsBenchmarks.Asn1Kit_Lazy_Decode: DefaultJob
Runtime = .NET 6.0.10 (6.0.1022.47605), X64 RyuJIT AVX2; GC = Concurrent Workstation
Mean = 293.656 ns, StdErr = 1.620 ns (0.55%), N = 35, StdDev = 9.585 ns
Min = 250.273 ns, Q1 = 289.774 ns, Median = 293.522 ns, Q3 = 298.540 ns, Max = 308.266 ns
IQR = 8.765 ns, LowerFence = 276.626 ns, UpperFence = 311.688 ns
ConfidenceInterval = [287.823 ns; 299.490 ns] (CI 99.9%), Margin = 5.834 ns (1.99% of Mean)
Skewness = -2.33, Kurtosis = 12.51, MValue = 2
-------------------- Histogram --------------------
[246.428 ns ; 254.119 ns) | @
[254.119 ns ; 261.811 ns) | 
[261.811 ns ; 269.503 ns) | 
[269.503 ns ; 277.194 ns) | 
[277.194 ns ; 282.839 ns) | 
[282.839 ns ; 288.883 ns) | @@@
[288.883 ns ; 296.574 ns) | @@@@@@@@@@@@@@@@@@@@@
[296.574 ns ; 312.112 ns) | @@@@@@@@@@
---------------------------------------------------

CmsBenchmarks.Asn1Kit_Lazy_Encode: DefaultJob
Runtime = .NET 6.0.10 (6.0.1022.47605), X64 RyuJIT AVX2; GC = Concurrent Workstation
Mean = 278.562 ns, StdErr = 5.449 ns (1.96%), N = 100, StdDev = 54.489 ns
Min = 213.725 ns, Q1 = 228.155 ns, Median = 254.647 ns, Q3 = 333.371 ns, Max = 424.442 ns
IQR = 105.216 ns, LowerFence = 70.331 ns, UpperFence = 491.195 ns
ConfidenceInterval = [260.082 ns; 297.042 ns] (CI 99.9%), Margin = 18.480 ns (6.63% of Mean)
Skewness = 0.31, Kurtosis = 1.56, MValue = 3.65
-------------------- Histogram --------------------
[212.237 ns ; 243.052 ns) | @@@@@@@@@@@@@@@@@@@@@@@@@@@@@@@@@@@@@@@@@@@@@@
[243.052 ns ; 275.919 ns) | @@@@@@@@@@
[275.919 ns ; 288.033 ns) | 
[288.033 ns ; 321.800 ns) | @@@
[321.800 ns ; 352.616 ns) | @@@@@@@@@@@@@@@@@@@@@@@@@@@@@@@@@@@@@
[352.616 ns ; 376.997 ns) | @@@
[376.997 ns ; 409.034 ns) | 
[409.034 ns ; 439.850 ns) | @
---------------------------------------------------

// * Summary *

BenchmarkDotNet v0.13.12, Windows 11 (10.0.26200.9445)
Unknown processor
.NET SDK 6.0.402
  [Host]     : .NET 6.0.10 (6.0.1022.47605), X64 RyuJIT AVX2
  DefaultJob : .NET 6.0.10 (6.0.1022.47605), X64 RyuJIT AVX2


| Method              | Categories | Mean     | Error    | StdDev   | Median   | Ratio | Gen0   | Allocated | Alloc Ratio |
|-------------------- |----------- |---------:|---------:|---------:|---------:|------:|-------:|----------:|------------:|
| Asn1Kit_Lazy_Decode | Decode,CMS | 293.7 ns |  5.83 ns |  9.58 ns | 293.5 ns |  1.00 | 0.0134 |     128 B |        1.00 |
|                     |            |          |          |          |          |       |        |           |             |
| Asn1Kit_Lazy_Encode | Encode,CMS | 278.6 ns | 18.48 ns | 54.49 ns | 254.6 ns |  1.00 | 0.1266 |    1192 B |        1.00 |

// * Warnings *
MultimodalDistribution
  CmsBenchmarks.Asn1Kit_Lazy_Encode: Default -> It seems that the distribution is bimodal (mValue = 3.65)

// * Hints *
Outliers
  CmsBenchmarks.Asn1Kit_Lazy_Decode: Default -> 1 outlier  was  removed, 2 outliers were detected (253.79 ns, 331.41 ns)

// * Legends *
  Categories  : All categories of the corresponded method, class, and assembly
  Mean        : Arithmetic mean of all measurements
  Error       : Half of 99.9% confidence interval
  StdDev      : Standard deviation of all measurements
  Median      : Value separating the higher half of all measurements (50th percentile)
  Ratio       : Mean of the ratio distribution ([Current]/[Baseline])
  Gen0        : GC Generation 0 collects per 1000 operations
  Allocated   : Allocated memory per single operation (managed only, inclusive, 1KB = 1024B)
  Alloc Ratio : Allocated memory ratio distribution ([Current]/[Baseline])
  1 ns        : 1 Nanosecond (0.000000001 sec)

// * Diagnostic Output - MemoryDiagnoser *


// ***** BenchmarkRunner: End *****
Run time: 00:02:46 (166.09 sec), executed benchmarks: 2

Global total time: 00:04:35 (275.19 sec), executed benchmarks: 6
// * Artifacts cleanup *
Artifacts cleanup is finished
