// Validating benchmarks:
// ***** BenchmarkRunner: Start   *****
// ***** Found 3 benchmark(s) in total *****
// ***** Building 1 exe(s) in Parallel: Start   *****
// start dotnet  restore /p:UseSharedCompilation=false /p:BuildInParallel=false /m:1 /p:Deterministic=true /p:Optimize=true in D:\Work\ASN.1\runtime-csharp\benchmarks\Asn1Kit.Pkix.Benchmarks\bin\Release\net6.0\3f6a6ff5-2976-47a7-8811-b929c1534d68
// command took 1.02 sec and exited with 0
// start dotnet  build -c Release --no-restore /p:UseSharedCompilation=false /p:BuildInParallel=false /m:1 /p:Deterministic=true /p:Optimize=true in D:\Work\ASN.1\runtime-csharp\benchmarks\Asn1Kit.Pkix.Benchmarks\bin\Release\net6.0\3f6a6ff5-2976-47a7-8811-b929c1534d68
// command took 2.19 sec and exited with 0
// ***** Done, took 00:00:03 (3.38 sec)   *****
// Found 1 benchmarks:
//   CertificateBenchmarks.Asn1Kit_Decode: DefaultJob

Setup power plan (GUID: 8c5e7fda-e8bf-4a96-9a85-a6e23a8c635c FriendlyName: High performance)
// **************************
// Benchmark: CertificateBenchmarks.Asn1Kit_Decode: DefaultJob
// *** Execute ***
// Launch: 1 / 1
// Execute: dotnet 3f6a6ff5-2976-47a7-8811-b929c1534d68.dll --anonymousPipes 1240 1520 --benchmarkName Asn1Kit.Benchmarks.CertificateBenchmarks.Asn1Kit_Decode --job Default --benchmarkId 0 in D:\Work\ASN.1\runtime-csharp\benchmarks\Asn1Kit.Pkix.Benchmarks\bin\Release\net6.0\3f6a6ff5-2976-47a7-8811-b929c1534d68\bin\Release\net6.0
// BeforeAnythingElse

// Benchmark Process Environment Information:
// BenchmarkDotNet v0.13.12
// Runtime=.NET 6.0.10 (6.0.1022.47605), X64 RyuJIT AVX2
// GC=Concurrent Workstation
// HardwareIntrinsics=AVX2,AES,BMI1,BMI2,FMA,LZCNT,PCLMUL,POPCNT,AvxVnni VectorSize=256
// Job: DefaultJob

OverheadJitting  1: 1 op, 222800.00 ns, 222.8000 us/op
WorkloadJitting  1: 1 op, 8464200.00 ns, 8.4642 ms/op

OverheadJitting  2: 16 op, 396600.00 ns, 24.7875 us/op
WorkloadJitting  2: 16 op, 619400.00 ns, 38.7125 us/op

WorkloadPilot    1: 16 op, 180100.00 ns, 11.2562 us/op
WorkloadPilot    2: 32 op, 320300.00 ns, 10.0094 us/op
WorkloadPilot    3: 64 op, 642000.00 ns, 10.0312 us/op
WorkloadPilot    4: 128 op, 1411100.00 ns, 11.0242 us/op
WorkloadPilot    5: 256 op, 2935100.00 ns, 11.4652 us/op
WorkloadPilot    6: 512 op, 6806700.00 ns, 13.2943 us/op
WorkloadPilot    7: 1024 op, 15610000.00 ns, 15.2441 us/op
WorkloadPilot    8: 2048 op, 29495700.00 ns, 14.4022 us/op
WorkloadPilot    9: 4096 op, 63001600.00 ns, 15.3813 us/op
WorkloadPilot   10: 8192 op, 84347700.00 ns, 10.2964 us/op
WorkloadPilot   11: 16384 op, 101132100.00 ns, 6.1726 us/op
WorkloadPilot   12: 32768 op, 197486200.00 ns, 6.0268 us/op
WorkloadPilot   13: 65536 op, 356604000.00 ns, 5.4413 us/op
WorkloadPilot   14: 131072 op, 759017400.00 ns, 5.7908 us/op

OverheadWarmup   1: 131072 op, 394700.00 ns, 3.0113 ns/op
OverheadWarmup   2: 131072 op, 383100.00 ns, 2.9228 ns/op
OverheadWarmup   3: 131072 op, 366400.00 ns, 2.7954 ns/op
OverheadWarmup   4: 131072 op, 372900.00 ns, 2.8450 ns/op
OverheadWarmup   5: 131072 op, 364000.00 ns, 2.7771 ns/op
OverheadWarmup   6: 131072 op, 358700.00 ns, 2.7367 ns/op
OverheadWarmup   7: 131072 op, 363500.00 ns, 2.7733 ns/op
OverheadWarmup   8: 131072 op, 359300.00 ns, 2.7412 ns/op

OverheadActual   1: 131072 op, 342200.00 ns, 2.6108 ns/op
OverheadActual   2: 131072 op, 345200.00 ns, 2.6337 ns/op
OverheadActual   3: 131072 op, 342200.00 ns, 2.6108 ns/op
OverheadActual   4: 131072 op, 337300.00 ns, 2.5734 ns/op
OverheadActual   5: 131072 op, 354700.00 ns, 2.7061 ns/op
OverheadActual   6: 131072 op, 364000.00 ns, 2.7771 ns/op
OverheadActual   7: 131072 op, 370100.00 ns, 2.8236 ns/op
OverheadActual   8: 131072 op, 347700.00 ns, 2.6527 ns/op
OverheadActual   9: 131072 op, 344600.00 ns, 2.6291 ns/op
OverheadActual  10: 131072 op, 350800.00 ns, 2.6764 ns/op
OverheadActual  11: 131072 op, 364000.00 ns, 2.7771 ns/op
OverheadActual  12: 131072 op, 339400.00 ns, 2.5894 ns/op
OverheadActual  13: 131072 op, 360300.00 ns, 2.7489 ns/op
OverheadActual  14: 131072 op, 360400.00 ns, 2.7496 ns/op
OverheadActual  15: 131072 op, 329300.00 ns, 2.5124 ns/op

WorkloadWarmup   1: 131072 op, 774417100.00 ns, 5.9083 us/op
WorkloadWarmup   2: 131072 op, 887758400.00 ns, 6.7731 us/op
WorkloadWarmup   3: 131072 op, 939664200.00 ns, 7.1691 us/op
WorkloadWarmup   4: 131072 op, 1070264800.00 ns, 8.1655 us/op
WorkloadWarmup   5: 131072 op, 888195700.00 ns, 6.7764 us/op
WorkloadWarmup   6: 131072 op, 890756100.00 ns, 6.7959 us/op
WorkloadWarmup   7: 131072 op, 900918400.00 ns, 6.8735 us/op
WorkloadWarmup   8: 131072 op, 906839700.00 ns, 6.9186 us/op
WorkloadWarmup   9: 131072 op, 889303900.00 ns, 6.7849 us/op

// BeforeActualRun
WorkloadActual   1: 131072 op, 894113200.00 ns, 6.8215 us/op
WorkloadActual   2: 131072 op, 884736400.00 ns, 6.7500 us/op
WorkloadActual   3: 131072 op, 899831800.00 ns, 6.8652 us/op
WorkloadActual   4: 131072 op, 882516200.00 ns, 6.7331 us/op
WorkloadActual   5: 131072 op, 916201800.00 ns, 6.9901 us/op
WorkloadActual   6: 131072 op, 893638200.00 ns, 6.8179 us/op
WorkloadActual   7: 131072 op, 889837100.00 ns, 6.7889 us/op
WorkloadActual   8: 131072 op, 946917100.00 ns, 7.2244 us/op
WorkloadActual   9: 131072 op, 887801600.00 ns, 6.7734 us/op
WorkloadActual  10: 131072 op, 888708800.00 ns, 6.7803 us/op
WorkloadActual  11: 131072 op, 884984500.00 ns, 6.7519 us/op
WorkloadActual  12: 131072 op, 885722600.00 ns, 6.7575 us/op
WorkloadActual  13: 131072 op, 884816000.00 ns, 6.7506 us/op
WorkloadActual  14: 131072 op, 886819500.00 ns, 6.7659 us/op
WorkloadActual  15: 131072 op, 881589700.00 ns, 6.7260 us/op

// AfterActualRun
WorkloadResult   1: 131072 op, 893765500.00 ns, 6.8189 us/op
WorkloadResult   2: 131072 op, 884388700.00 ns, 6.7474 us/op
WorkloadResult   3: 131072 op, 899484100.00 ns, 6.8625 us/op
WorkloadResult   4: 131072 op, 882168500.00 ns, 6.7304 us/op
WorkloadResult   5: 131072 op, 893290500.00 ns, 6.8153 us/op
WorkloadResult   6: 131072 op, 889489400.00 ns, 6.7863 us/op
WorkloadResult   7: 131072 op, 887453900.00 ns, 6.7707 us/op
WorkloadResult   8: 131072 op, 888361100.00 ns, 6.7777 us/op
WorkloadResult   9: 131072 op, 884636800.00 ns, 6.7492 us/op
WorkloadResult  10: 131072 op, 885374900.00 ns, 6.7549 us/op
WorkloadResult  11: 131072 op, 884468300.00 ns, 6.7480 us/op
WorkloadResult  12: 131072 op, 886471800.00 ns, 6.7632 us/op
WorkloadResult  13: 131072 op, 881242000.00 ns, 6.7233 us/op
// GC:  41 1 0 391120520 131072
// Threading:  0 0 131072

// AfterAll
// Benchmark Process 19256 has exited with code 0.

Mean = 6.773 μs, StdErr = 0.011 μs (0.16%), N = 13, StdDev = 0.039 μs
Min = 6.723 μs, Q1 = 6.748 μs, Median = 6.763 μs, Q3 = 6.786 μs, Max = 6.863 μs
IQR = 0.038 μs, LowerFence = 6.690 μs, UpperFence = 6.844 μs
ConfidenceInterval = [6.726 μs; 6.820 μs] (CI 99.9%), Margin = 0.047 μs (0.70% of Mean)
Skewness = 0.81, Kurtosis = 2.63, MValue = 2

// ** Remained 2 (66,7 %) benchmark(s) to run. Estimated finish 2026-10-09 21:18 (0h 0m from now) **
Successfully reverted power plan (GUID: 381b4222-f694-41f0-9685-ff5bb260df2e FriendlyName: Balanced)
// ***** BenchmarkRunner: Finish  *****

// * Export *
  BenchmarkDotNet.Artifacts\results\Asn1Kit.Benchmarks.CertificateBenchmarks-report.csv
  BenchmarkDotNet.Artifacts\results\Asn1Kit.Benchmarks.CertificateBenchmarks-report-github.md
  BenchmarkDotNet.Artifacts\results\Asn1Kit.Benchmarks.CertificateBenchmarks-report.html

// * Detailed results *
CertificateBenchmarks.Asn1Kit_Decode: DefaultJob
Runtime = .NET 6.0.10 (6.0.1022.47605), X64 RyuJIT AVX2; GC = Concurrent Workstation
Mean = 6.773 μs, StdErr = 0.011 μs (0.16%), N = 13, StdDev = 0.039 μs
Min = 6.723 μs, Q1 = 6.748 μs, Median = 6.763 μs, Q3 = 6.786 μs, Max = 6.863 μs
IQR = 0.038 μs, LowerFence = 6.690 μs, UpperFence = 6.844 μs
ConfidenceInterval = [6.726 μs; 6.820 μs] (CI 99.9%), Margin = 0.047 μs (0.70% of Mean)
Skewness = 0.81, Kurtosis = 2.63, MValue = 2
-------------------- Histogram --------------------
[6.701 μs ; 6.885 μs) | @@@@@@@@@@@@@
---------------------------------------------------

// * Summary *

BenchmarkDotNet v0.13.12, Windows 11 (10.0.26200.9445)
Unknown processor
.NET SDK 6.0.402
  [Host]     : .NET 6.0.10 (6.0.1022.47605), X64 RyuJIT AVX2
  DefaultJob : .NET 6.0.10 (6.0.1022.47605), X64 RyuJIT AVX2

Categories=Decode,Certificate  

| Method         | Mean     | Error     | StdDev    | Ratio | Gen0   | Gen1   | Allocated | Alloc Ratio |
|--------------- |---------:|----------:|----------:|------:|-------:|-------:|----------:|------------:|
| Asn1Kit_Decode | 6.773 μs | 0.0472 μs | 0.0394 μs |  1.00 | 0.3128 | 0.0076 |   2.91 KB |        1.00 |

// * Hints *
Outliers
  CertificateBenchmarks.Asn1Kit_Decode: Default -> 2 outliers were removed (6.99 μs, 7.22 μs)

// * Legends *
  Mean        : Arithmetic mean of all measurements
  Error       : Half of 99.9% confidence interval
  StdDev      : Standard deviation of all measurements
  Ratio       : Mean of the ratio distribution ([Current]/[Baseline])
  Gen0        : GC Generation 0 collects per 1000 operations
  Gen1        : GC Generation 1 collects per 1000 operations
  Allocated   : Allocated memory per single operation (managed only, inclusive, 1KB = 1024B)
  Alloc Ratio : Allocated memory ratio distribution ([Current]/[Baseline])
  1 μs        : 1 Microsecond (0.000001 sec)

// * Diagnostic Output - MemoryDiagnoser *


// ***** BenchmarkRunner: End *****
Run time: 00:00:25 (25.93 sec), executed benchmarks: 1

// Found 1 benchmarks:
//   CertificateListBenchmarks.Asn1Kit_Decode: DefaultJob

Setup power plan (GUID: 8c5e7fda-e8bf-4a96-9a85-a6e23a8c635c FriendlyName: High performance)
// **************************
// Benchmark: CertificateListBenchmarks.Asn1Kit_Decode: DefaultJob
// *** Execute ***
// Launch: 1 / 1
// Execute: dotnet 3f6a6ff5-2976-47a7-8811-b929c1534d68.dll --anonymousPipes 2544 2536 --benchmarkName Asn1Kit.Benchmarks.CertificateListBenchmarks.Asn1Kit_Decode --job Default --benchmarkId 1 in D:\Work\ASN.1\runtime-csharp\benchmarks\Asn1Kit.Pkix.Benchmarks\bin\Release\net6.0\3f6a6ff5-2976-47a7-8811-b929c1534d68\bin\Release\net6.0
// BeforeAnythingElse

// Benchmark Process Environment Information:
// BenchmarkDotNet v0.13.12
// Runtime=.NET 6.0.10 (6.0.1022.47605), X64 RyuJIT AVX2
// GC=Concurrent Workstation
// HardwareIntrinsics=AVX2,AES,BMI1,BMI2,FMA,LZCNT,PCLMUL,POPCNT,AvxVnni VectorSize=256
// Job: DefaultJob

OverheadJitting  1: 1 op, 222600.00 ns, 222.6000 us/op
WorkloadJitting  1: 1 op, 11868700.00 ns, 11.8687 ms/op

OverheadJitting  2: 16 op, 482700.00 ns, 30.1687 us/op
WorkloadJitting  2: 16 op, 532400.00 ns, 33.2750 us/op

WorkloadPilot    1: 16 op, 130800.00 ns, 8.1750 us/op
WorkloadPilot    2: 32 op, 242000.00 ns, 7.5625 us/op
WorkloadPilot    3: 64 op, 493300.00 ns, 7.7078 us/op
WorkloadPilot    4: 128 op, 932300.00 ns, 7.2836 us/op
WorkloadPilot    5: 256 op, 2126000.00 ns, 8.3047 us/op
WorkloadPilot    6: 512 op, 4249800.00 ns, 8.3004 us/op
WorkloadPilot    7: 1024 op, 7972500.00 ns, 7.7856 us/op
WorkloadPilot    8: 2048 op, 17439800.00 ns, 8.5155 us/op
WorkloadPilot    9: 4096 op, 50912600.00 ns, 12.4298 us/op
WorkloadPilot   10: 8192 op, 83103900.00 ns, 10.1445 us/op
WorkloadPilot   11: 16384 op, 76451100.00 ns, 4.6662 us/op
WorkloadPilot   12: 32768 op, 145626500.00 ns, 4.4442 us/op
WorkloadPilot   13: 65536 op, 281441900.00 ns, 4.2945 us/op
WorkloadPilot   14: 131072 op, 579595400.00 ns, 4.4220 us/op

OverheadWarmup   1: 131072 op, 400900.00 ns, 3.0586 ns/op
OverheadWarmup   2: 131072 op, 389900.00 ns, 2.9747 ns/op
OverheadWarmup   3: 131072 op, 387800.00 ns, 2.9587 ns/op
OverheadWarmup   4: 131072 op, 376700.00 ns, 2.8740 ns/op
OverheadWarmup   5: 131072 op, 393100.00 ns, 2.9991 ns/op
OverheadWarmup   6: 131072 op, 391800.00 ns, 2.9892 ns/op
OverheadWarmup   7: 131072 op, 391800.00 ns, 2.9892 ns/op
OverheadWarmup   8: 131072 op, 380900.00 ns, 2.9060 ns/op

OverheadActual   1: 131072 op, 363300.00 ns, 2.7718 ns/op
OverheadActual   2: 131072 op, 352800.00 ns, 2.6917 ns/op
OverheadActual   3: 131072 op, 351400.00 ns, 2.6810 ns/op
OverheadActual   4: 131072 op, 351500.00 ns, 2.6817 ns/op
OverheadActual   5: 131072 op, 344100.00 ns, 2.6253 ns/op
OverheadActual   6: 131072 op, 361100.00 ns, 2.7550 ns/op
OverheadActual   7: 131072 op, 370300.00 ns, 2.8252 ns/op
OverheadActual   8: 131072 op, 364900.00 ns, 2.7840 ns/op
OverheadActual   9: 131072 op, 355800.00 ns, 2.7145 ns/op
OverheadActual  10: 131072 op, 364400.00 ns, 2.7802 ns/op
OverheadActual  11: 131072 op, 345000.00 ns, 2.6321 ns/op
OverheadActual  12: 131072 op, 354600.00 ns, 2.7054 ns/op
OverheadActual  13: 131072 op, 356200.00 ns, 2.7176 ns/op
OverheadActual  14: 131072 op, 364000.00 ns, 2.7771 ns/op
OverheadActual  15: 131072 op, 364000.00 ns, 2.7771 ns/op

WorkloadWarmup   1: 131072 op, 522853300.00 ns, 3.9891 us/op
WorkloadWarmup   2: 131072 op, 523856100.00 ns, 3.9967 us/op
WorkloadWarmup   3: 131072 op, 519414500.00 ns, 3.9628 us/op
WorkloadWarmup   4: 131072 op, 628900600.00 ns, 4.7981 us/op
WorkloadWarmup   5: 131072 op, 624361600.00 ns, 4.7635 us/op
WorkloadWarmup   6: 131072 op, 627888700.00 ns, 4.7904 us/op

// BeforeActualRun
WorkloadActual   1: 131072 op, 635155900.00 ns, 4.8459 us/op
WorkloadActual   2: 131072 op, 628384200.00 ns, 4.7942 us/op
WorkloadActual   3: 131072 op, 631811400.00 ns, 4.8203 us/op
WorkloadActual   4: 131072 op, 632263400.00 ns, 4.8238 us/op
WorkloadActual   5: 131072 op, 658515500.00 ns, 5.0241 us/op
WorkloadActual   6: 131072 op, 659985900.00 ns, 5.0353 us/op
WorkloadActual   7: 131072 op, 652235800.00 ns, 4.9762 us/op
WorkloadActual   8: 131072 op, 631159000.00 ns, 4.8154 us/op
WorkloadActual   9: 131072 op, 630450100.00 ns, 4.8100 us/op
WorkloadActual  10: 131072 op, 635937600.00 ns, 4.8518 us/op
WorkloadActual  11: 131072 op, 625816800.00 ns, 4.7746 us/op
WorkloadActual  12: 131072 op, 633927200.00 ns, 4.8365 us/op
WorkloadActual  13: 131072 op, 635894100.00 ns, 4.8515 us/op
WorkloadActual  14: 131072 op, 629685000.00 ns, 4.8041 us/op
WorkloadActual  15: 131072 op, 642863200.00 ns, 4.9047 us/op

// AfterActualRun
WorkloadResult   1: 131072 op, 634799700.00 ns, 4.8431 us/op
WorkloadResult   2: 131072 op, 628028000.00 ns, 4.7915 us/op
WorkloadResult   3: 131072 op, 631455200.00 ns, 4.8176 us/op
WorkloadResult   4: 131072 op, 631907200.00 ns, 4.8211 us/op
WorkloadResult   5: 131072 op, 651879600.00 ns, 4.9734 us/op
WorkloadResult   6: 131072 op, 630802800.00 ns, 4.8126 us/op
WorkloadResult   7: 131072 op, 630093900.00 ns, 4.8072 us/op
WorkloadResult   8: 131072 op, 635581400.00 ns, 4.8491 us/op
WorkloadResult   9: 131072 op, 625460600.00 ns, 4.7719 us/op
WorkloadResult  10: 131072 op, 633571000.00 ns, 4.8338 us/op
WorkloadResult  11: 131072 op, 635537900.00 ns, 4.8488 us/op
WorkloadResult  12: 131072 op, 629328800.00 ns, 4.8014 us/op
WorkloadResult  13: 131072 op, 642507000.00 ns, 4.9019 us/op
// GC:  27 0 0 259000280 131072
// Threading:  0 0 131072

// AfterAll
// Benchmark Process 43872 has exited with code 0.

Mean = 4.836 μs, StdErr = 0.015 μs (0.30%), N = 13, StdDev = 0.052 μs
Min = 4.772 μs, Q1 = 4.807 μs, Median = 4.821 μs, Q3 = 4.849 μs, Max = 4.973 μs
IQR = 0.042 μs, LowerFence = 4.745 μs, UpperFence = 4.911 μs
ConfidenceInterval = [4.774 μs; 4.899 μs] (CI 99.9%), Margin = 0.063 μs (1.30% of Mean)
Skewness = 1.29, Kurtosis = 4.06, MValue = 2

// ** Remained 1 (33,3 %) benchmark(s) to run. Estimated finish 2026-10-09 21:17 (0h 0m from now) **
Successfully reverted power plan (GUID: 381b4222-f694-41f0-9685-ff5bb260df2e FriendlyName: Balanced)
// ***** BenchmarkRunner: Finish  *****

// * Export *
  BenchmarkDotNet.Artifacts\results\Asn1Kit.Benchmarks.CertificateListBenchmarks-report.csv
  BenchmarkDotNet.Artifacts\results\Asn1Kit.Benchmarks.CertificateListBenchmarks-report-github.md
  BenchmarkDotNet.Artifacts\results\Asn1Kit.Benchmarks.CertificateListBenchmarks-report.html

// * Detailed results *
CertificateListBenchmarks.Asn1Kit_Decode: DefaultJob
Runtime = .NET 6.0.10 (6.0.1022.47605), X64 RyuJIT AVX2; GC = Concurrent Workstation
Mean = 4.836 μs, StdErr = 0.015 μs (0.30%), N = 13, StdDev = 0.052 μs
Min = 4.772 μs, Q1 = 4.807 μs, Median = 4.821 μs, Q3 = 4.849 μs, Max = 4.973 μs
IQR = 0.042 μs, LowerFence = 4.745 μs, UpperFence = 4.911 μs
ConfidenceInterval = [4.774 μs; 4.899 μs] (CI 99.9%), Margin = 0.063 μs (1.30% of Mean)
Skewness = 1.29, Kurtosis = 4.06, MValue = 2
-------------------- Histogram --------------------
[4.743 μs ; 4.868 μs) | @@@@@@@@@@@
[4.868 μs ; 5.003 μs) | @@
---------------------------------------------------

// * Summary *

BenchmarkDotNet v0.13.12, Windows 11 (10.0.26200.9445)
Unknown processor
.NET SDK 6.0.402
  [Host]     : .NET 6.0.10 (6.0.1022.47605), X64 RyuJIT AVX2
  DefaultJob : .NET 6.0.10 (6.0.1022.47605), X64 RyuJIT AVX2

Categories=Decode,CRL  

| Method         | Mean     | Error     | StdDev    | Ratio | Gen0   | Allocated | Alloc Ratio |
|--------------- |---------:|----------:|----------:|------:|-------:|----------:|------------:|
| Asn1Kit_Decode | 4.836 μs | 0.0627 μs | 0.0523 μs |  1.00 | 0.2060 |   1.93 KB |        1.00 |

// * Hints *
Outliers
  CertificateListBenchmarks.Asn1Kit_Decode: Default -> 2 outliers were removed (5.02 μs, 5.04 μs)

// * Legends *
  Mean        : Arithmetic mean of all measurements
  Error       : Half of 99.9% confidence interval
  StdDev      : Standard deviation of all measurements
  Ratio       : Mean of the ratio distribution ([Current]/[Baseline])
  Gen0        : GC Generation 0 collects per 1000 operations
  Allocated   : Allocated memory per single operation (managed only, inclusive, 1KB = 1024B)
  Alloc Ratio : Allocated memory ratio distribution ([Current]/[Baseline])
  1 μs        : 1 Microsecond (0.000001 sec)

// * Diagnostic Output - MemoryDiagnoser *


// ***** BenchmarkRunner: End *****
Run time: 00:00:15 (15.99 sec), executed benchmarks: 1

// Found 1 benchmarks:
//   CmsBenchmarks.Asn1Kit_Lazy_Decode: DefaultJob

Setup power plan (GUID: 8c5e7fda-e8bf-4a96-9a85-a6e23a8c635c FriendlyName: High performance)
// **************************
// Benchmark: CmsBenchmarks.Asn1Kit_Lazy_Decode: DefaultJob
// *** Execute ***
// Launch: 1 / 1
// Execute: dotnet 3f6a6ff5-2976-47a7-8811-b929c1534d68.dll --anonymousPipes 2580 2576 --benchmarkName Asn1Kit.Benchmarks.CmsBenchmarks.Asn1Kit_Lazy_Decode --job Default --benchmarkId 2 in D:\Work\ASN.1\runtime-csharp\benchmarks\Asn1Kit.Pkix.Benchmarks\bin\Release\net6.0\3f6a6ff5-2976-47a7-8811-b929c1534d68\bin\Release\net6.0
// BeforeAnythingElse

// Benchmark Process Environment Information:
// BenchmarkDotNet v0.13.12
// Runtime=.NET 6.0.10 (6.0.1022.47605), X64 RyuJIT AVX2
// GC=Concurrent Workstation
// HardwareIntrinsics=AVX2,AES,BMI1,BMI2,FMA,LZCNT,PCLMUL,POPCNT,AvxVnni VectorSize=256
// Job: DefaultJob

OverheadJitting  1: 1 op, 244200.00 ns, 244.2000 us/op
WorkloadJitting  1: 1 op, 212500.00 ns, 212.5000 us/op

OverheadJitting  2: 16 op, 409900.00 ns, 25.6187 us/op
WorkloadJitting  2: 16 op, 486800.00 ns, 30.4250 us/op

WorkloadPilot    1: 16 op, 81400.00 ns, 5.0875 us/op
WorkloadPilot    2: 32 op, 143300.00 ns, 4.4781 us/op
WorkloadPilot    3: 64 op, 266700.00 ns, 4.1672 us/op
WorkloadPilot    4: 128 op, 528300.00 ns, 4.1273 us/op
WorkloadPilot    5: 256 op, 1027000.00 ns, 4.0117 us/op
WorkloadPilot    6: 512 op, 2133200.00 ns, 4.1664 us/op
WorkloadPilot    7: 1024 op, 5691600.00 ns, 5.5582 us/op
WorkloadPilot    8: 2048 op, 10173700.00 ns, 4.9676 us/op
WorkloadPilot    9: 4096 op, 21898000.00 ns, 5.3462 us/op
WorkloadPilot   10: 8192 op, 46135400.00 ns, 5.6318 us/op
WorkloadPilot   11: 16384 op, 79185900.00 ns, 4.8331 us/op
WorkloadPilot   12: 32768 op, 81838600.00 ns, 2.4975 us/op
WorkloadPilot   13: 65536 op, 149984300.00 ns, 2.2886 us/op
WorkloadPilot   14: 131072 op, 298946600.00 ns, 2.2808 us/op
WorkloadPilot   15: 262144 op, 666785900.00 ns, 2.5436 us/op

OverheadWarmup   1: 262144 op, 781200.00 ns, 2.9800 ns/op
OverheadWarmup   2: 262144 op, 749900.00 ns, 2.8606 ns/op
OverheadWarmup   3: 262144 op, 754200.00 ns, 2.8770 ns/op
OverheadWarmup   4: 262144 op, 738500.00 ns, 2.8172 ns/op
OverheadWarmup   5: 262144 op, 765900.00 ns, 2.9217 ns/op
OverheadWarmup   6: 262144 op, 765600.00 ns, 2.9205 ns/op

OverheadActual   1: 262144 op, 750800.00 ns, 2.8641 ns/op
OverheadActual   2: 262144 op, 805300.00 ns, 3.0720 ns/op
OverheadActual   3: 262144 op, 785100.00 ns, 2.9949 ns/op
OverheadActual   4: 262144 op, 755100.00 ns, 2.8805 ns/op
OverheadActual   5: 262144 op, 751700.00 ns, 2.8675 ns/op
OverheadActual   6: 262144 op, 743700.00 ns, 2.8370 ns/op
OverheadActual   7: 262144 op, 738300.00 ns, 2.8164 ns/op
OverheadActual   8: 262144 op, 768600.00 ns, 2.9320 ns/op
OverheadActual   9: 262144 op, 768400.00 ns, 2.9312 ns/op
OverheadActual  10: 262144 op, 753500.00 ns, 2.8744 ns/op
OverheadActual  11: 262144 op, 753500.00 ns, 2.8744 ns/op
OverheadActual  12: 262144 op, 749400.00 ns, 2.8587 ns/op
OverheadActual  13: 262144 op, 787200.00 ns, 3.0029 ns/op
OverheadActual  14: 262144 op, 746000.00 ns, 2.8458 ns/op
OverheadActual  15: 262144 op, 768700.00 ns, 2.9324 ns/op

WorkloadWarmup   1: 262144 op, 601701700.00 ns, 2.2953 us/op
WorkloadWarmup   2: 262144 op, 583086700.00 ns, 2.2243 us/op
WorkloadWarmup   3: 262144 op, 656068100.00 ns, 2.5027 us/op
WorkloadWarmup   4: 262144 op, 693880900.00 ns, 2.6469 us/op
WorkloadWarmup   5: 262144 op, 692337400.00 ns, 2.6411 us/op
WorkloadWarmup   6: 262144 op, 694320300.00 ns, 2.6486 us/op
WorkloadWarmup   7: 262144 op, 687634900.00 ns, 2.6231 us/op

// BeforeActualRun
WorkloadActual   1: 262144 op, 696220600.00 ns, 2.6559 us/op
WorkloadActual   2: 262144 op, 695298000.00 ns, 2.6524 us/op
WorkloadActual   3: 262144 op, 689580900.00 ns, 2.6305 us/op
WorkloadActual   4: 262144 op, 694688600.00 ns, 2.6500 us/op
WorkloadActual   5: 262144 op, 692612600.00 ns, 2.6421 us/op
WorkloadActual   6: 262144 op, 704574400.00 ns, 2.6877 us/op
WorkloadActual   7: 262144 op, 718108600.00 ns, 2.7394 us/op
WorkloadActual   8: 262144 op, 684119300.00 ns, 2.6097 us/op
WorkloadActual   9: 262144 op, 688265300.00 ns, 2.6255 us/op
WorkloadActual  10: 262144 op, 682733200.00 ns, 2.6044 us/op
WorkloadActual  11: 262144 op, 689361200.00 ns, 2.6297 us/op
WorkloadActual  12: 262144 op, 685558700.00 ns, 2.6152 us/op
WorkloadActual  13: 262144 op, 707601100.00 ns, 2.6993 us/op
WorkloadActual  14: 262144 op, 724842900.00 ns, 2.7651 us/op
WorkloadActual  15: 262144 op, 692287200.00 ns, 2.6409 us/op

// AfterActualRun
WorkloadResult   1: 262144 op, 695467100.00 ns, 2.6530 us/op
WorkloadResult   2: 262144 op, 694544500.00 ns, 2.6495 us/op
WorkloadResult   3: 262144 op, 688827400.00 ns, 2.6277 us/op
WorkloadResult   4: 262144 op, 693935100.00 ns, 2.6472 us/op
WorkloadResult   5: 262144 op, 691859100.00 ns, 2.6392 us/op
WorkloadResult   6: 262144 op, 703820900.00 ns, 2.6849 us/op
WorkloadResult   7: 262144 op, 683365800.00 ns, 2.6068 us/op
WorkloadResult   8: 262144 op, 687511800.00 ns, 2.6226 us/op
WorkloadResult   9: 262144 op, 681979700.00 ns, 2.6015 us/op
WorkloadResult  10: 262144 op, 688607700.00 ns, 2.6268 us/op
WorkloadResult  11: 262144 op, 684805200.00 ns, 2.6123 us/op
WorkloadResult  12: 262144 op, 706847600.00 ns, 2.6964 us/op
WorkloadResult  13: 262144 op, 691533700.00 ns, 2.6380 us/op
// GC:  34 0 0 325058816 262144
// Threading:  0 0 262144

// AfterAll
// Benchmark Process 9240 has exited with code 0.

Mean = 2.639 μs, StdErr = 0.008 μs (0.30%), N = 13, StdDev = 0.028 μs
Min = 2.602 μs, Q1 = 2.623 μs, Median = 2.638 μs, Q3 = 2.649 μs, Max = 2.696 μs
IQR = 0.027 μs, LowerFence = 2.582 μs, UpperFence = 2.690 μs
ConfidenceInterval = [2.605 μs; 2.673 μs] (CI 99.9%), Margin = 0.034 μs (1.27% of Mean)
Skewness = 0.62, Kurtosis = 2.36, MValue = 2

// ** Remained 0 (0,0 %) benchmark(s) to run. Estimated finish 2026-10-09 21:17 (0h 0m from now) **
Successfully reverted power plan (GUID: 381b4222-f694-41f0-9685-ff5bb260df2e FriendlyName: Balanced)
// ***** BenchmarkRunner: Finish  *****

// * Export *
  BenchmarkDotNet.Artifacts\results\Asn1Kit.Benchmarks.CmsBenchmarks-report.csv
  BenchmarkDotNet.Artifacts\results\Asn1Kit.Benchmarks.CmsBenchmarks-report-github.md
  BenchmarkDotNet.Artifacts\results\Asn1Kit.Benchmarks.CmsBenchmarks-report.html

// * Detailed results *
CmsBenchmarks.Asn1Kit_Lazy_Decode: DefaultJob
Runtime = .NET 6.0.10 (6.0.1022.47605), X64 RyuJIT AVX2; GC = Concurrent Workstation
Mean = 2.639 μs, StdErr = 0.008 μs (0.30%), N = 13, StdDev = 0.028 μs
Min = 2.602 μs, Q1 = 2.623 μs, Median = 2.638 μs, Q3 = 2.649 μs, Max = 2.696 μs
IQR = 0.027 μs, LowerFence = 2.582 μs, UpperFence = 2.690 μs
ConfidenceInterval = [2.605 μs; 2.673 μs] (CI 99.9%), Margin = 0.034 μs (1.27% of Mean)
Skewness = 0.62, Kurtosis = 2.36, MValue = 2
-------------------- Histogram --------------------
[2.586 μs ; 2.712 μs) | @@@@@@@@@@@@@
---------------------------------------------------

// * Summary *

BenchmarkDotNet v0.13.12, Windows 11 (10.0.26200.9445)
Unknown processor
.NET SDK 6.0.402
  [Host]     : .NET 6.0.10 (6.0.1022.47605), X64 RyuJIT AVX2
  DefaultJob : .NET 6.0.10 (6.0.1022.47605), X64 RyuJIT AVX2

Categories=Decode,CMS  

| Method              | Mean     | Error     | StdDev    | Ratio | Gen0   | Allocated | Alloc Ratio |
|-------------------- |---------:|----------:|----------:|------:|-------:|----------:|------------:|
| Asn1Kit_Lazy_Decode | 2.639 μs | 0.0336 μs | 0.0281 μs |  1.00 | 0.1297 |   1.21 KB |        1.00 |

// * Hints *
Outliers
  CmsBenchmarks.Asn1Kit_Lazy_Decode: Default -> 2 outliers were removed (2.74 μs, 2.77 μs)

// * Legends *
  Mean        : Arithmetic mean of all measurements
  Error       : Half of 99.9% confidence interval
  StdDev      : Standard deviation of all measurements
  Ratio       : Mean of the ratio distribution ([Current]/[Baseline])
  Gen0        : GC Generation 0 collects per 1000 operations
  Allocated   : Allocated memory per single operation (managed only, inclusive, 1KB = 1024B)
  Alloc Ratio : Allocated memory ratio distribution ([Current]/[Baseline])
  1 μs        : 1 Microsecond (0.000001 sec)

// * Diagnostic Output - MemoryDiagnoser *


// ***** BenchmarkRunner: End *****
Run time: 00:00:18 (18.13 sec), executed benchmarks: 1

Global total time: 00:01:04 (64.32 sec), executed benchmarks: 3
// * Artifacts cleanup *
Artifacts cleanup is finished
